[09-19-2026][01.04.16] New Access Log File Created!
[09-19-2026][03.00.38] Log file reloaded ( Server Restart )
[03:45:57] Player (Sepultaris, 76561197978157047)(<1566.385132, 315.400452, 7844.502441>) set a new passcode on lock!
[03:45:57] Player (Sepultaris, 76561197978157047)(<1566.385132, 315.400452, 7844.502441>) claimed ownership of a lock!
[03:46:46] Player (Sepultaris, 76561197978157047)(<1566.385132, 315.400452, 7844.502441>) quick accessed a lock!
[03:47:31] Player (Sepultaris, 76561197978157047)(<1566.385132, 315.400452, 7844.502441>) quick accessed a lock!
[03:56:26] Player (Sepultaris, 76561197978157047)(<1566.385132, 315.400452, 7844.502441>) quick accessed a lock!
[03:57:43] Player (Sepultaris, 76561197978157047)(<1566.385132, 315.400452, 7844.502441>) quick accessed a lock!
[03:59:28] Player (Sepultaris, 76561197978157047)(<1566.385132, 315.400452, 7844.502441>) quick accessed a lock!
[09-19-2026][04.46.41] Log file reloaded ( Server Restart )
[09-19-2026][05.03.10] Log file reloaded ( Server Restart )
[05:16:55] Player (Sepultaris, 76561197978157047)(<1566.290771, 315.413544, 7844.457520>) set a new passcode on lock!
[05:16:55] Player (Sepultaris, 76561197978157047)(<1566.290771, 315.413544, 7844.457520>) claimed ownership of a lock!
[05:17:58] Player (Sepultaris, 76561197978157047)(<1566.290771, 315.413544, 7844.457520>) quick accessed a lock!
[05:18:11] Player (Sepultaris, 76561197978157047)(<1566.290771, 315.413544, 7844.457520>) quick accessed a lock!
[05:20:16] Player (Sepultaris, 76561197978157047)(<1566.290771, 315.413544, 7844.457520>) quick accessed a lock!
[05:20:25] Player (Sepultaris, 76561197978157047)(<1566.290771, 315.413544, 7844.457520>) quick accessed a lock!
[05:23:42] Player (Sepultaris, 76561197978157047)(<1566.290771, 315.413544, 7844.457520>) quick accessed a lock!
[05:25:48] Player (Sepultaris, 76561197978157047)(<1566.290771, 315.413544, 7844.457520>) quick accessed a lock!
[05:25:58] Player (Sepultaris, 76561197978157047)(<1566.290771, 315.413544, 7844.457520>) quick accessed a lock!
[05:32:37] Player (Sepultaris, 76561197978157047)(<1566.290771, 315.413544, 7844.457520>) quick accessed a lock!
[05:32:49] Player (Sepultaris, 76561197978157047)(<1566.290771, 315.413544, 7844.457520>) quick accessed a lock!
[09-19-2026][17.26.55] Log file reloaded ( Server Restart )
[09-19-2026][17.35.17] Log file reloaded ( Server Restart )
[09-19-2026][17.46.26] Log file reloaded ( Server Restart )
[09-19-2026][17.47.54] Log file reloaded ( Server Restart )
[18:46:30] Player (Sepultaris, 76561197978157047)(<1566.290771, 315.413544, 7844.457520>) quick accessed a lock!
[18:49:12] Player (Sepultaris, 76561197978157047)(<1566.290771, 315.413544, 7844.457520>) quick accessed a lock!
[18:55:03] Player (Sepultaris, 76561197978157047)(<1566.290771, 315.413544, 7844.457520>) quick accessed a lock!
[18:56:59] Player (Sepultaris, 76561197978157047)(<1566.290771, 315.413544, 7844.457520>) quick accessed a lock!
[18:57:14] Player (Sepultaris, 76561197978157047)(<1566.290771, 315.413544, 7844.457520>) quick accessed a lock!
[18:57:52] Player (Sepultaris, 76561197978157047)(<1566.290771, 315.413544, 7844.457520>) quick accessed a lock!
[18:58:41] Player (Sepultaris, 76561197978157047)(<1566.290771, 315.413544, 7844.457520>) quick accessed a lock!
[19:17:54] Player (Sepultaris, 76561197978157047)(<1566.290771, 315.413544, 7844.457520>) quick accessed a lock!
[19:19:00] Player (Sepultaris, 76561197978157047)(<1566.290771, 315.413544, 7844.457520>) quick accessed a lock!
[19:42:39] Player (Sepultaris, 76561197978157047)(<1566.290771, 315.413544, 7844.457520>) quick accessed a lock!
[19:43:08] Player (Sepultaris, 76561197978157047)(<1566.290771, 315.413544, 7844.457520>) quick accessed a lock!
[19:43:20] Player (Sepultaris, 76561197978157047)(<1566.290771, 315.413544, 7844.457520>) quick accessed a lock!
[19:53:07] Player (Sepultaris, 76561197978157047)(<1566.290771, 315.413544, 7844.457520>) quick accessed a lock!
[19:55:19] Player (Sepultaris, 76561197978157047)(<1566.290771, 315.413544, 7844.457520>) quick accessed a lock!
[19:56:41] Player (Sepultaris, 76561197978157047)(<1566.290771, 315.413544, 7844.457520>) quick accessed a lock!
[19:58:15] Player (Sepultaris, 76561197978157047)(<1566.290771, 315.413544, 7844.457520>) quick accessed a lock!
[20:00:16] Player (Sepultaris, 76561197978157047)(<1566.290771, 315.413544, 7844.457520>) quick accessed a lock!
[20:03:53] Player (Sepultaris, 76561197978157047)(<1566.290771, 315.413544, 7844.457520>) quick accessed a lock!
[20:05:13] Player (Sepultaris, 76561197978157047)(<1566.290771, 315.413544, 7844.457520>) quick accessed a lock!
[20:08:26] Player (Sepultaris, 76561197978157047)(<1566.290771, 315.413544, 7844.457520>) quick accessed a lock!
[20:11:32] Player (Sepultaris, 76561197978157047)(<1566.290771, 315.413544, 7844.457520>) quick accessed a lock!
[20:12:03] Player (Sepultaris, 76561197978157047)(<1566.290771, 315.413544, 7844.457520>) quick accessed a lock!
[20:16:09] Player (Sepultaris, 76561197978157047)(<1566.290771, 315.413544, 7844.457520>) quick accessed a lock!
[20:17:20] Player (Sepultaris, 76561197978157047)(<1566.290771, 315.413544, 7844.457520>) quick accessed a lock!
[20:18:03] Player (Sepultaris, 76561197978157047)(<1566.290771, 315.413544, 7844.457520>) quick accessed a lock!
[20:23:18] Player (Sepultaris, 76561197978157047)(<1566.290771, 315.413544, 7844.457520>) quick accessed a lock!
[23:59:19] Player (Sepultaris, 76561197978157047)(<1566.290771, 315.413544, 7844.457520>) quick accessed a lock!
[00:04:45] Player (Sepultaris, 76561197978157047)(<1566.290771, 315.413544, 7844.457520>) quick accessed a lock!
[00:05:03] Player (Sepultaris, 76561197978157047)(<1566.290771, 315.413544, 7844.457520>) quick accessed a lock!
[00:07:21] Player (Sven, 76561197964755560)(<1566.290771, 315.413544, 7844.457520>) accessed a lock!
[00:07:21] Player (Sven, 76561197964755560)(<1566.290771, 315.413544, 7844.457520>) was added as a guest of a lock!
[00:07:55] Player (Sepultaris, 76561197978157047)(<1566.290771, 315.413544, 7844.457520>) quick accessed a lock!
[00:08:10] Player (Sepultaris, 76561197978157047)(<1566.290771, 315.413544, 7844.457520>) quick accessed a lock!
[00:08:32] Player (Sepultaris, 76561197978157047)(<1566.290771, 315.413544, 7844.457520>) quick accessed a lock!
