=====================================================================
== DayZServer
== ./DayZServer ./DayZServer -port=2302 -limitFPS=25 -cpuCount=4 -exThreads=4 -enableHT -maxMem=8192 -profiles=/home/rechenplan/DayZProjects/ShadowsOfChernarus/profiles -config=/home/rechenplan/DayZProjects/ShadowsOfChernarus/config/dayz.cfg -mission=/home/rechenplan/DayZProjects/ShadowsOfChernarus/mpmissions/dayzOffline.chernarusplus -storage=/home/rechenplan/DayZProjects/ShadowsOfChernarus/storage/ -mod=@AutoRunUnlimitedStamina;@RedFalconFlightSystemHeliz;@CodeLock;@BuildingFortifications;@DayZ-Expansion-Licensed;@DayZ-Expansion-Bundle;@VanillaPlusPlusMap;@CF;@PercentageHud;@PvZmoD_CustomisableZombies;@BuilderItems;@VPPMapGPSRequirement;@Trader;@Community-Online-Tools;@DayZEditorLoader;@VPPAdminTools;@UndergroundBases;@RealisticSuppressors;@BaseBuildingPlus;@DabsFramework; -serverMod=@Sector31-DynamicHordes; 
=====================================================================
Exe timestamp: 2026/09/22 18:01:05
Current time:  2026/09/22 18:05:05
Version 1.29.163709
=====================================================================

18:05:05 [Inputs] Loading inputs default "bin/constants.xml"
18:05:05 [Inputs] Loading inputs default "bin/specific.xml"
18:05:05 [Inputs] Loading inputs default "BBP_keybind/data/modded_Inputs.xml"
18:05:05 [Inputs] Loading inputs default "EarPlugs/data/inputs.xml"
18:05:05 !!! [Inputs] Cannot load inputs default "", file does not exist
18:05:05 !!! [Inputs] Failed to load MODDED inputs - file name/ path invalid?
18:05:05 [Inputs] Loading inputs default "JM/COT/Scripts/Data/Inputs.xml"
18:05:05 [Inputs] Loading inputs default "LIVEN/PvZmoD_CustomisableZombies/inputs.xml"
18:05:05 [Inputs] Loading inputs default "UnlimitedALe/inputsUnlimitedALe.xml"
18:05:05 [Inputs] Loading inputs default "VanillaPPMap/data/modded_Inputs.xml"
18:05:05 [Inputs] Loading inputs default "RFFSHeli_Core/modded_Inputs.xml"
18:05:05 [Inputs] Loading inputs default "Dayz_Dog/Data/Inputs.xml"
18:05:05 [Inputs] Loading inputs default "DayZExpansion/Groups/Scripts/Data/Inputs.xml"
18:05:05 [Inputs] Loading inputs default "DayZExpansion/Market/Scripts/Data/Inputs.xml"
18:05:05 [Inputs] Loading inputs default "DayZExpansion/Navigation/Scripts/Data/Inputs.xml"
18:05:05 [Inputs] Loading inputs default "DayZExpansion/PlayerList/Scripts/Data/Inputs.xml"
18:05:05 [Inputs] Loading inputs default "DayZExpansion/Scripts/Data/Inputs.xml"
18:05:05 [Inputs] Loading inputs default "DayZExpansion/Vehicles/Scripts/Data/Inputs.xml"
18:05:05 [Inputs] Loading inputs default "DayZExpansion/AI/Scripts/inputs.xml"
18:05:05 [Inputs] Loading inputs default "DayZExpansion/BaseBuilding/Scripts/Data/Inputs.xml"
18:05:05 [Inputs] Loading inputs default "DayZExpansion/Book/Scripts/Data/Inputs.xml"
18:05:05 [Inputs] Loading inputs default "DayZExpansion/Chat/Scripts/Data/Inputs.xml"
18:05:05 [Inputs] Loading inputs default "DayZExpansion/Quests/Scripts/Data/Inputs.xml"
18:05:05 [Inputs] Loading inputs cfg "bin/core.xml"
18:05:05 !!! [Inputs] Cannot load input preset "#STR_USER", file does not exist
18:05:05 [Inputs] Exporting inputs cfg "/home/rechenplan/DayZProjects/ShadowsOfChernarus/profiles/users/Survivor\Server.core.xml"
18:05:06 SCRIPT    (W): @"BaseBuildingPlus/scripts/3_Game/bbpconfig.c,143": FIX-ME: Unexpected statement 'ref'
18:05:06 SCRIPT    (W): @"VanillaPPMap/3_Game/vanillaplusplus.c,36": FIX-ME: Method argument can't be strong reference
18:05:06 SCRIPT    (W): @"VanillaPPMap/3_Game/vanillaplusplus.c,106": FIX-ME: Method argument can't be strong reference
18:05:06 SCRIPT    (W): @"VanillaPPMap/3_Game/vanillaplusplus.c,118": FIX-ME: Method argument can't be strong reference
18:05:06 SCRIPT    (W): @"VanillaPPMap/3_Game/vanillaplusplus.c,134": FIX-ME: Method argument can't be strong reference
18:05:06 SCRIPT    (W): @"VanillaPPMap/3_Game/json\models\markerscacheinterface.c,5": FIX-ME: Method argument can't be strong reference
18:05:06 SCRIPT    (W): @"VanillaPPMap/3_Game/json\models\markerscacheinterface.c,7": FIX-ME: Method argument can't be strong reference
18:05:06 SCRIPT    (W): @"VanillaPPMap/3_Game/json\models\mapmarkerscache.c,26": FIX-ME: Method argument can't be strong reference
18:05:06 SCRIPT    (W): @"VanillaPPMap/3_Game/json\models\mapmarkerscache.c,46": FIX-ME: Method argument can't be strong reference
18:05:06 SCRIPT    (W): @"VanillaPPMap/3_Game/json\models\vppmapconfig.c,11": FIX-ME: Method argument can't be strong reference
18:05:06 SCRIPT    (W): @"VanillaPPMap/3_Game/json\clientmarkerscache.c,15": FIX-ME: Method argument can't be strong reference
18:05:08 ANIMATION (E): Can't load @DabsFramework/Anims/cfg/skeletons.anim.xml
18:05:08 ANIMATION (E): Failed to open file, line 0, column 0
18:05:08 ANIMATION (E): Can't load @BaseBuildingPlus/Anims/cfg/skeletons.anim.xml
18:05:08 ANIMATION (E): Failed to open file, line 0, column 0
18:05:08 ANIMATION (E): Can't load @RealisticSuppressors/Anims/cfg/skeletons.anim.xml
18:05:08 ANIMATION (E): Failed to open file, line 0, column 0
18:05:08 ANIMATION (E): Can't load @UndergroundBases/Anims/cfg/skeletons.anim.xml
18:05:08 ANIMATION (E): Failed to open file, line 0, column 0
18:05:08 ANIMATION (E): Can't load @DayZEditorLoader/Anims/cfg/skeletons.anim.xml
18:05:08 ANIMATION (E): Failed to open file, line 0, column 0
18:05:08 ANIMATION (E): Can't load @Community-Online-Tools/Anims/cfg/skeletons.anim.xml
18:05:08 ANIMATION (E): Failed to open file, line 0, column 0
18:05:08 ANIMATION (E): Can't load @Trader/Anims/cfg/skeletons.anim.xml
18:05:08 ANIMATION (E): Failed to open file, line 0, column 0
18:05:08 ANIMATION (E): Can't load @VPPMapGPSRequirement/Anims/cfg/skeletons.anim.xml
18:05:08 ANIMATION (E): Failed to open file, line 0, column 0
18:05:08 ANIMATION (E): Can't load @BuilderItems/Anims/cfg/skeletons.anim.xml
18:05:08 ANIMATION (E): Failed to open file, line 0, column 0
18:05:08 ANIMATION (E): Can't load @PvZmoD_CustomisableZombies/Anims/cfg/skeletons.anim.xml
18:05:08 ANIMATION (E): Failed to open file, line 0, column 0
18:05:08 ANIMATION (E): Can't load @PercentageHud/Anims/cfg/skeletons.anim.xml
18:05:08 ANIMATION (E): Failed to open file, line 0, column 0
18:05:08 ANIMATION (E): Can't load @CF/Anims/cfg/skeletons.anim.xml
18:05:08 ANIMATION (E): Failed to open file, line 0, column 0
18:05:08 ANIMATION (E): Can't load @VanillaPlusPlusMap/Anims/cfg/skeletons.anim.xml
18:05:08 ANIMATION (E): Failed to open file, line 0, column 0
18:05:08 ANIMATION (E): Can't load @DayZ-Expansion-Bundle/Anims/cfg/skeletons.anim.xml
18:05:08 ANIMATION (E): Failed to open file, line 0, column 0
18:05:08 ANIMATION (E): Can't load @DayZ-Expansion-Licensed/Anims/cfg/skeletons.anim.xml
18:05:08 ANIMATION (E): Failed to open file, line 0, column 0
18:05:08 ANIMATION (E): Can't load @BuildingFortifications/Anims/cfg/skeletons.anim.xml
18:05:08 ANIMATION (E): Failed to open file, line 0, column 0
18:05:08 ANIMATION (E): Can't load @CodeLock/Anims/cfg/skeletons.anim.xml
18:05:08 ANIMATION (E): Failed to open file, line 0, column 0
18:05:08 ANIMATION (E): Can't load @RedFalconFlightSystemHeliz/Anims/cfg/skeletons.anim.xml
18:05:08 ANIMATION (E): Failed to open file, line 0, column 0
18:05:08 ANIMATION (E): Can't load @AutoRunUnlimitedStamina/Anims/cfg/skeletons.anim.xml
18:05:08 ANIMATION (E): Failed to open file, line 0, column 0
18:05:08 ANIMATION (E): Can't load sakhal/Anims/cfg/skeletons.anim.xml
18:05:08 ANIMATION (E): Failed to open file, line 0, column 0
18:05:08 ANIMATION (E): Can't load @Sector31-DynamicHordes/Anims/cfg/skeletons.anim.xml
18:05:08 ANIMATION (E): Failed to open file, line 0, column 0
18:05:09 SCRIPT    (W): @"TM/Trader/scripts/4_World/wallet.c,9": Missing ';' at the end of line
18:05:09 SCRIPT    (W): @"TM/Trader/scripts/4_World/entities\manbase\playerbase.c,22": FIX-ME: Overriding function 'IsInSafeZone' but not marked as 'override'
18:05:09 SCRIPT    (W): @"RFFSHeli_Core/scripts/4_World/rffsheli_core.c,2343": 'OnBeforeSwitchLights' is obsolete: no replacement
18:05:09 SCRIPT    (W): @"UndergroundBases/scripts/4_World/undergroundhatch.c,345": FIX-ME: Overriding function 'FoldBaseBuildingObject' but not marked as 'override'
18:05:09 SCRIPT    (W): @"UndergroundBases/scripts/4_World/undergroundhatch.c,360": FIX-ME: Overriding function 'CreateConstructionKit' but not marked as 'override'
18:05:09 SCRIPT    (W): @"UndergroundBases/scripts/4_World/undergroundhatch.c,3": FIX-ME: Overriding function 'BaseClassName' but not marked as 'override'
18:05:09 SCRIPT    (W): @"UndergroundBases/scripts/4_World/undergroundhatch.c,9": FIX-ME: Overriding function 'BaseClassName' but not marked as 'override'
18:05:10 SCRIPT    (W): @"TM/Trader/scripts/4_World/entities\dayzplayerimplement.c,151": FIX-ME: Unsafe down-casting, use 'PlayerBase.Cast' for safe down-casting
18:05:10 SCRIPT    (W): @"RFFSHeli_Core/scripts/4_World/actions\actiongetouttransport.c,64": FIX-ME: Unsafe down-casting, use 'RFFSHeli_base.Cast' for safe down-casting
18:05:10 SCRIPT    (W): @"RFFSHeli_Core/scripts/4_World/playerbase.c,16": FIX-ME: Unsafe down-casting, use 'Object.Cast' for safe down-casting
18:05:10 SCRIPT    (W): @"RFFSHeli_Core/scripts/4_World/playerbase.c,217": FIX-ME: Unsafe down-casting, use 'Object.Cast' for safe down-casting
18:05:11 SCRIPT    (W): @"RFFSHeli_Core/scripts/4_World/rffsheli_core.c,2276": FIX-ME: Unsafe down-casting, use 'ItemBase.Cast' for safe down-casting
18:05:11 SCRIPT    (W): @"RFFSHeli_Core/scripts/4_World/rffsheli_core.c,2381": FIX-ME: Unsafe down-casting, use 'ItemBase.Cast' for safe down-casting
18:05:15 Hostname of server: "Test Server"
18:05:16 NETWORK      : Network simulation
18:05:16  Loading landscape 'chernarusplus'
18:05:16   WORLD        : Create entity type 'Land_power_pole_conc1_amp'
18:05:16    ENTITY    (E): Type 'HouseType' must be inherited from class 'PASReceiverType'
18:05:16   ENTITY       : Load entity type 'Land_Mil_Barracks5'
18:05:16    ENTITY    (W): Door 'DoorsTwin1' is missing geometry components for selection 'DoorsTwin1', check model+config
18:05:16   WORLD        : Create entity type 'Land_radio_panelpas'
18:05:16    ENTITY    (E): Type 'HouseType' must be inherited from class 'PASBroadcasterType'
18:05:16   ENTITY       : Load entity type 'Land_Prison_Side'
18:05:16    ENTITY    (W): Door 'DoorsTwin1' is missing geometry components for selection 'DoorsTwin1', check model+config
18:05:16    ENTITY    (W): Door 'DoorsTwin2' is missing geometry components for selection 'DoorsTwin2', check model+config
18:05:16    ENTITY    (W): Door 'DoorsTwin3' is missing geometry components for selection 'DoorsTwin3', check model+config
18:05:16    ENTITY    (W): Door 'DoorsTwin4' is missing geometry components for selection 'DoorsTwin4', check model+config
18:05:16    ENTITY    (W): Door 'DoorsTwin5' is missing geometry components for selection 'DoorsTwin5', check model+config
18:05:16    ENTITY    (W): Door 'DoorsTwin6' is missing geometry components for selection 'DoorsTwin6', check model+config
18:05:16    ENTITY    (W): Door 'DoorsTwin7' is missing geometry components for selection 'DoorsTwin7', check model+config
18:05:16    ENTITY    (W): Door 'DoorsTwin8' is missing geometry components for selection 'DoorsTwin8', check model+config
18:05:16   WORLD        : Create entity type 'Land_power_pole_wood1_amp'
18:05:16    ENTITY    (E): Type 'HouseType' must be inherited from class 'PASReceiverType'
18:05:16   ENTITY       : Load entity type 'Land_Container_1Mo'
18:05:16    ENTITY    (W): Door 'DoorsTwin1' is missing geometry components for selection 'DoorsTwin1', check model+config
18:05:16    ENTITY    (W): Door 'DoorsTwin2' is missing geometry components for selection 'DoorsTwin2', check model+config
18:05:16   ENTITY       : Load entity type 'Land_Workshop3'
18:05:16    ENTITY    (W): Door 'DoorsTwin1' is missing geometry components for selection 'DoorsTwin1', check model+config
18:05:16    ENTITY    (W): Door 'DoorsTwin2' is missing geometry components for selection 'DoorsTwin2', check model+config
18:05:16   WORLD        : Create entity type 'Land_lamp_city1_amp'
18:05:16    ENTITY    (E): Type 'HouseType' must be inherited from class 'PASReceiverType'
18:05:16   ENTITY       : Load entity type 'Land_Workshop1'
18:05:16    ENTITY    (W): Door 'DoorsTwin1' is missing geometry components for selection 'DoorsTwin1', check model+config
18:05:16   ENTITY       : Load entity type 'Land_Wall_Gate_FenG_Big'
18:05:16    ENTITY    (W): Door 'DoorsTwin1' is missing geometry components for selection 'DoorsTwin1', check model+config
18:05:16   ENTITY       : Load entity type 'Land_Wreck_sed01_aban1_white'
18:05:16    ENTITY    (W): Door 'Doors3' is missing geometry components for selection 'Doors3', check model+config
18:05:16   ENTITY       : Load entity type 'Land_Wreck_hb02_aban1_blue'
18:05:16    ENTITY    (W): Door 'Doors3' is missing geometry components for selection 'Doors3', check model+config
18:05:16   ENTITY       : Load entity type 'Land_House_2W03_Brown'
18:05:16    ENTITY    (W): Door 'DoorsTwin1' is missing geometry components for selection 'DoorsTwin1', check model+config
18:05:16   ENTITY       : Load entity type 'Land_House_2W03'
18:05:16    ENTITY    (W): Door 'DoorsTwin1' is missing geometry components for selection 'DoorsTwin1', check model+config
18:05:16   ENTITY       : Load entity type 'Land_Wall_Gate_FenR_Big'
18:05:16    ENTITY    (W): Door 'DoorsTwin1' is missing geometry components for selection 'DoorsTwin1', check model+config
18:05:16   ENTITY       : Load entity type 'Land_Wreck_sed02_aban1_yellow'
18:05:16    ENTITY    (W): Door 'Doors1' is missing geometry components for selection 'Doors1', check model+config
18:05:16    ENTITY    (W): Door 'Doors2' is missing geometry components for selection 'Doors2', check model+config
18:05:16    ENTITY    (W): Door 'Doors3' is missing geometry components for selection 'Doors3', check model+config
18:05:16   ENTITY       : Load entity type 'Land_Wall_Gate_FenR_Big_Open'
18:05:16    ENTITY    (W): Door 'DoorsTwin1' is missing geometry components for selection 'DoorsTwin1', check model+config
18:05:16   WORLD        : Create entity type 'Land_power_pole_wood1_lamp_amp'
18:05:16    ENTITY    (E): Type 'HouseType' must be inherited from class 'PASReceiverType'
18:05:16   ENTITY       : Load entity type 'Land_Church2_2'
18:05:16    ENTITY    (W): Door 'DoorsTwin1' is missing geometry components for selection 'DoorsTwin1', check model+config
18:05:16   ENTITY       : Load entity type 'Land_Wreck_sed01_aban2_wine'
18:05:16    ENTITY    (W): Door 'Doors3' is missing geometry components for selection 'Doors3', check model+config
18:05:16   ENTITY       : Load entity type 'Land_Wreck_sed01_aban2_white'
18:05:16    ENTITY    (W): Door 'Doors3' is missing geometry components for selection 'Doors3', check model+config
18:05:16   ENTITY       : Load entity type 'Land_Tenement_Small'
18:05:16    ENTITY    (W): Unknown object class 'thing' (dz\structures\furniture\eletrical_appliances\washing_machine\washing_machine.p3d)
18:05:16    ENTITY    (W): Unknown object class 'thing' (dz\structures\furniture\eletrical_appliances\washing_machine\washing_machine.p3d)
18:05:16    ENTITY    (W): Unknown object class 'thing' (dz\structures\furniture\eletrical_appliances\washing_machine\washing_machine.p3d)
18:05:16    ENTITY    (W): Unknown object class 'thing' (dz\structures\furniture\eletrical_appliances\washing_machine\washing_machine.p3d)
18:05:16    ENTITY    (W): Unknown object class 'thing' (dz\structures\furniture\eletrical_appliances\washing_machine\washing_machine.p3d)
18:05:16    ENTITY    (W): Unknown object class 'thing' (dz\structures\furniture\eletrical_appliances\washing_machine\washing_machine.p3d)
18:05:16    ENTITY    (W): Unknown object class 'thing' (dz\structures\furniture\eletrical_appliances\washing_machine\washing_machine.p3d)
18:05:16   ENTITY       : Load entity type 'Land_Tenement_Big'
18:05:16    ENTITY    (W): Unknown object class 'thing' (dz\structures\furniture\eletrical_appliances\washing_machine\washing_machine.p3d)
18:05:16    ENTITY    (W): Unknown object class 'thing' (dz\structures\furniture\eletrical_appliances\washing_machine\washing_machine.p3d)
18:05:16    ENTITY    (W): Unknown object class 'thing' (dz\structures\furniture\eletrical_appliances\washing_machine\washing_machine.p3d)
18:05:16    ENTITY    (W): Unknown object class 'thing' (dz\structures\furniture\eletrical_appliances\washing_machine\washing_machine.p3d)
18:05:16    ENTITY    (W): Unknown object class 'thing' (dz\structures\furniture\eletrical_appliances\washing_machine\washing_machine.p3d)
18:05:16    ENTITY    (W): Unknown object class 'thing' (dz\structures\furniture\eletrical_appliances\washing_machine\washing_machine.p3d)
18:05:16    ENTITY    (W): Unknown object class 'thing' (dz\structures\furniture\eletrical_appliances\washing_machine\washing_machine.p3d)
18:05:16    ENTITY    (W): Unknown object class 'thing' (dz\structures\furniture\eletrical_appliances\washing_machine\washing_machine.p3d)
18:05:16    ENTITY    (W): Unknown object class 'thing' (dz\structures\furniture\eletrical_appliances\washing_machine\washing_machine.p3d)
18:05:16   ENTITY       : Load entity type 'Land_City_Store'
18:05:16    ENTITY    (W): Door 'DoorsTwin1' is missing geometry components for selection 'DoorsTwin1', check model+config
18:05:16    ENTITY    (W): Door 'DoorsTwin2' is missing geometry components for selection 'DoorsTwin2', check model+config
18:05:16    ENTITY    (W): Door 'DoorsTwin3' is missing geometry components for selection 'DoorsTwin3', check model+config
18:05:16    ENTITY    (W): Door 'DoorsTwin4' is missing geometry components for selection 'DoorsTwin4', check model+config
18:05:16    ENTITY    (W): Door 'DoorsTwin5' is missing geometry components for selection 'DoorsTwin5', check model+config
18:05:16   ENTITY       : Load entity type 'Land_Wreck_sed01_aban2_black'
18:05:16    ENTITY    (W): Door 'Doors3' is missing geometry components for selection 'Doors3', check model+config
18:05:16   ENTITY       : Load entity type 'Land_Wreck_sed01_aban1_black'
18:05:16    ENTITY    (W): Door 'Doors3' is missing geometry components for selection 'Doors3', check model+config
18:05:16   ENTITY       : Load entity type 'Land_Wreck_sed02_aban1_red'
18:05:16    ENTITY    (W): Door 'Doors1' is missing geometry components for selection 'Doors1', check model+config
18:05:16    ENTITY    (W): Door 'Doors2' is missing geometry components for selection 'Doors2', check model+config
18:05:16    ENTITY    (W): Door 'Doors3' is missing geometry components for selection 'Doors3', check model+config
18:05:16   ENTITY       : Load entity type 'Land_Wreck_hb01_aban1_blue'
18:05:16    ENTITY    (W): Door 'Doors1' is missing geometry components for selection 'Doors1', check model+config
18:05:16    ENTITY    (W): Door 'Doors2' is missing geometry components for selection 'Doors2', check model+config
18:05:16   ENTITY       : Load entity type 'Land_City_School'
18:05:16    ENTITY    (W): Door 'DoorsTwin1' is missing geometry components for selection 'DoorsTwin1', check model+config
18:05:16    ENTITY    (W): Door 'DoorsTwin3' is missing geometry components for selection 'DoorsTwin3', check model+config
18:05:16    ENTITY    (W): Door 'DoorsTwin4' is missing geometry components for selection 'DoorsTwin4', check model+config
18:05:16    ENTITY    (W): Door 'DoorsTwin5' is missing geometry components for selection 'DoorsTwin5', check model+config
18:05:16    ENTITY    (W): Door 'DoorsTwin6' is missing geometry components for selection 'DoorsTwin6', check model+config
18:05:16    ENTITY    (W): Door 'DoorsTwin7' is missing geometry components for selection 'DoorsTwin7', check model+config
18:05:16    ENTITY    (W): Unknown object class 'thing' (dz\structures\proxy_buildingparts\lightningcond\lightningconductormiddle\lightningconductormiddle.p3d)
18:05:16    ENTITY    (W): Unknown object class 'thing' (dz\structures\proxy_buildingparts\lightningcond\lightningconductormiddle\lightningconductormiddle.p3d)
18:05:16    ENTITY    (W): Unknown object class 'thing' (dz\structures\proxy_buildingparts\lightningcond\lightningconductormiddle\lightningconductormiddle.p3d)
18:05:16    ENTITY    (W): Unknown object class 'thing' (dz\structures\proxy_buildingparts\lightningcond\lightningconductormiddle\lightningconductormiddle.p3d)
18:05:16    ENTITY    (W): Unknown object class 'thing' (dz\structures\proxy_buildingparts\lightningcond\lightningconductormiddle\lightningconductormiddle.p3d)
18:05:16    ENTITY    (W): Unknown object class 'thing' (dz\structures\proxy_buildingparts\lightningcond\lightningconductormiddle\lightningconductormiddle.p3d)
18:05:16    ENTITY    (W): Unknown object class 'thing' (dz\structures\proxy_buildingparts\lightningcond\lightningconductormiddle\lightningconductormiddle.p3d)
18:05:16    ENTITY    (W): Unknown object class 'thing' (dz\structures\proxy_buildingparts\lightningcond\lightningconductormiddle\lightningconductormiddle.p3d)
18:05:16    ENTITY    (W): Unknown object class 'thing' (dz\structures\proxy_buildingparts\lightningcond\lightningconductormiddle\lightningconductormiddle.p3d)
18:05:16    ENTITY    (W): Unknown object class 'thing' (dz\structures\proxy_buildingparts\lightningcond\lightningconductormiddle\lightningconductormiddle.p3d)
18:05:16    ENTITY    (W): Unknown object class 'thing' (dz\structures\proxy_buildingparts\lightningcond\lightningconductormiddle\lightningconductormiddle.p3d)
18:05:16    ENTITY    (W): Unknown object class 'thing' (dz\structures\proxy_buildingparts\lightningcond\lightningconductormiddle\lightningconductormiddle.p3d)
18:05:16    ENTITY    (W): Unknown object class 'thing' (dz\structures\proxy_buildingparts\lightningcond\lightningconductormiddle\lightningconductormiddle.p3d)
18:05:16    ENTITY    (W): Unknown object class 'thing' (dz\structures\proxy_buildingparts\lightningcond\lightningconductormiddle\lightningconductormiddle.p3d)
18:05:16    ENTITY    (W): Unknown object class 'thing' (dz\structures\proxy_buildingparts\lightningcond\lightningconductormiddle\lightningconductormiddle.p3d)
18:05:16    ENTITY    (W): Unknown object class 'thing' (dz\structures\proxy_buildingparts\lightningcond\lightningconductormiddle\lightningconductormiddle.p3d)
18:05:16    ENTITY    (W): Unknown object class 'thing' (dz\structures\proxy_buildingparts\lightningcond\lightningconductormiddle\lightningconductormiddle.p3d)
18:05:16    ENTITY    (W): Unknown object class 'thing' (dz\structures\proxy_buildingparts\lightningcond\lightningconductormiddle\lightningconductormiddle.p3d)
18:05:16    ENTITY    (W): Unknown object class 'thing' (dz\structures\proxy_buildingparts\lightningcond\lightningconductormiddle\lightningconductormiddle.p3d)
18:05:16    ENTITY    (W): Unknown object class 'thing' (dz\structures\proxy_buildingparts\lightningcond\lightningconductormiddle\lightningconductormiddle.p3d)
18:05:16    ENTITY    (W): Unknown object class 'thing' (dz\structures\proxy_buildingparts\lightningcond\lightningconductormiddle\lightningconductormiddle.p3d)
18:05:16    ENTITY    (W): Unknown object class 'thing' (dz\structures\proxy_buildingparts\lightningcond\lightningconductormiddle\lightningconductormiddle.p3d)
18:05:16    ENTITY    (W): Unknown object class 'thing' (dz\structures\proxy_buildingparts\lightningcond\lightningconductormiddle\lightningconductormiddle.p3d)
18:05:16    ENTITY    (W): Unknown object class 'thing' (dz\structures\proxy_buildingparts\lightningcond\lightningconductormiddle\lightningconductormiddle.p3d)
18:05:16    ENTITY    (W): Unknown object class 'thing' (dz\structures\proxy_buildingparts\lightningcond\lightningconductormiddle\lightningconductormiddle.p3d)
18:05:16    ENTITY    (W): Unknown object class 'thing' (dz\structures\proxy_buildingparts\lightningcond\lightningconductormiddle\lightningconductormiddle.p3d)
18:05:16    ENTITY    (W): Unknown object class 'thing' (dz\structures\proxy_buildingparts\lightningcond\lightningconductormiddle\lightningconductormiddle.p3d)
18:05:16    ENTITY    (W): Unknown object class 'thing' (dz\structures\proxy_buildingparts\lightningcond\lightningconductormiddle\lightningconductormiddle.p3d)
18:05:16    ENTITY    (W): Unknown object class 'thing' (dz\structures\proxy_buildingparts\lightningcond\lightningconductormiddle\lightningconductormiddle.p3d)
18:05:16    ENTITY    (W): Unknown object class 'thing' (dz\structures\proxy_buildingparts\lightningcond\lightningconductormiddle\lightningconductormiddle.p3d)
18:05:16    ENTITY    (W): Unknown object class 'thing' (dz\structures\proxy_buildingparts\lightningcond\lightningconductormiddle\lightningconductormiddle.p3d)
18:05:16    ENTITY    (W): Unknown object class 'thing' (dz\structures\proxy_buildingparts\lightningcond\lightningconductormiddle\lightningconductormiddle.p3d)
18:05:16    ENTITY    (W): Unknown object class 'thing' (dz\structures\proxy_buildingparts\lightningcond\lightningconductormiddle\lightningconductormiddle.p3d)
18:05:16    ENTITY    (W): Unknown object class 'thing' (dz\structures\proxy_buildingparts\lightningcond\lightningconductormiddle\lightningconductormiddle.p3d)
18:05:16    ENTITY    (W): Unknown object class 'thing' (dz\structures\proxy_buildingparts\lightningcond\lightningconductormiddle\lightningconductormiddle.p3d)
18:05:16    ENTITY    (W): Unknown object class 'thing' (dz\structures\proxy_buildingparts\lightningcond\lightningconductormiddle\lightningconductormiddle.p3d)
18:05:16    ENTITY    (W): Unknown object class 'thing' (dz\structures\proxy_buildingparts\lightningcond\lightningconductormiddle\lightningconductormiddle.p3d)
18:05:16    ENTITY    (W): Unknown object class 'thing' (dz\structures\proxy_buildingparts\lightningcond\lightningconductormiddle\lightningconductormiddle.p3d)
18:05:16    ENTITY    (W): Unknown object class 'thing' (dz\structures\proxy_buildingparts\lightningcond\lightningconductormiddle\lightningconductormiddle.p3d)
18:05:16    ENTITY    (W): Unknown object class 'thing' (dz\structures\proxy_buildingparts\lightningcond\lightningconductormiddle\lightningconductormiddle.p3d)
18:05:16    ENTITY    (W): Unknown object class 'thing' (dz\structures\proxy_buildingparts\lightningcond\lightningconductormiddle\lightningconductormiddle.p3d)
18:05:16    ENTITY    (W): Unknown object class 'thing' (dz\structures\proxy_buildingparts\lightningcond\lightningconductormiddle\lightningconductormiddle.p3d)
18:05:16    ENTITY    (W): Unknown object class 'thing' (dz\structures\proxy_buildingparts\lightningcond\lightningconductormiddle\lightningconductormiddle.p3d)
18:05:16    ENTITY    (W): Unknown object class 'thing' (dz\structures\proxy_buildingparts\lightningcond\lightningconductormiddle\lightningconductormiddle.p3d)
18:05:16    ENTITY    (W): Unknown object class 'thing' (dz\structures\proxy_buildingparts\lightningcond\lightningconductormiddle\lightningconductormiddle.p3d)
18:05:16    ENTITY    (W): Unknown object class 'thing' (dz\structures\proxy_buildingparts\lightningcond\lightningconductormiddle\lightningconductormiddle.p3d)
18:05:16    ENTITY    (W): Unknown object class 'thing' (dz\structures\proxy_buildingparts\lightningcond\lightningconductormiddle\lightningconductormiddle.p3d)
18:05:16    ENTITY    (W): Unknown object class 'thing' (dz\structures\proxy_buildingparts\lightningcond\lightningconductormiddle\lightningconductormiddle.p3d)
18:05:16    ENTITY    (W): Unknown object class 'thing' (dz\structures\proxy_buildingparts\lightningcond\lightningconductormiddle\lightningconductormiddle.p3d)
18:05:16    ENTITY    (W): Unknown object class 'thing' (dz\structures\proxy_buildingparts\lightningcond\lightningconductormiddle\lightningconductormiddle.p3d)
18:05:16    ENTITY    (W): Unknown object class 'thing' (dz\structures\proxy_buildingparts\lightningcond\lightningconductormiddle\lightningconductormiddle.p3d)
18:05:16   ENTITY       : Load entity type 'Land_Garage_Row_Small'
18:05:16    ENTITY    (W): Door 'DoorsTwin1' is missing geometry components for selection 'DoorsTwin1', check model+config
18:05:16    ENTITY    (W): Door 'DoorsTwin2' is missing geometry components for selection 'DoorsTwin2', check model+config
18:05:16    ENTITY    (W): Door 'DoorsTwin3' is missing geometry components for selection 'DoorsTwin3', check model+config
18:05:16   ENTITY       : Load entity type 'Land_Wreck_sed02_aban1_grey'
18:05:16    ENTITY    (W): Door 'Doors1' is missing geometry components for selection 'Doors1', check model+config
18:05:16    ENTITY    (W): Door 'Doors2' is missing geometry components for selection 'Doors2', check model+config
18:05:16    ENTITY    (W): Door 'Doors3' is missing geometry components for selection 'Doors3', check model+config
18:05:16   ENTITY       : Load entity type 'Land_Wreck_hb01_aban1_white'
18:05:16    ENTITY    (W): Door 'Doors1' is missing geometry components for selection 'Doors1', check model+config
18:05:16    ENTITY    (W): Door 'Doors2' is missing geometry components for selection 'Doors2', check model+config
18:05:16   ENTITY       : Load entity type 'Land_Wreck_hb02_aban1_red'
18:05:16    ENTITY    (W): Door 'Doors3' is missing geometry components for selection 'Doors3', check model+config
18:05:17   ENTITY       : Load entity type 'Land_Wreck_hb01_aban2_green'
18:05:17    ENTITY    (W): Door 'Doors1' is missing geometry components for selection 'Doors1', check model+config
18:05:17    ENTITY    (W): Door 'Doors2' is missing geometry components for selection 'Doors2', check model+config
18:05:17   ENTITY       : Load entity type 'Land_HouseBlock_1F4'
18:05:17    ENTITY    (W): Door 'DoorsTwin1' is missing geometry components for selection 'DoorsTwin1', check model+config
18:05:17   ENTITY       : Load entity type 'Land_HouseBlock_2F8'
18:05:17    ENTITY    (W): Door 'DoorsTwin1' is missing geometry components for selection 'DoorsTwin1', check model+config
18:05:17   ENTITY       : Load entity type 'Land_HouseBlock_2F_Corner'
18:05:17    ENTITY    (W): Door 'DoorsTwin1' is missing geometry components for selection 'DoorsTwin1', check model+config
18:05:17    ENTITY    (W): Door 'DoorsTwin2' is missing geometry components for selection 'DoorsTwin2', check model+config
18:05:17   ENTITY       : Load entity type 'Land_House_2W02'
18:05:17    ENTITY    (W): Door 'DoorsTwin1' is missing geometry components for selection 'DoorsTwin1', check model+config
18:05:17   ENTITY       : Load entity type 'Land_HouseBlock_2F1'
18:05:17    ENTITY    (W): Door 'DoorsTwin1' is missing geometry components for selection 'DoorsTwin1', check model+config
18:05:17    ENTITY    (W): Door 'DoorsTwin2' is missing geometry components for selection 'DoorsTwin2', check model+config
18:05:17   ENTITY       : Load entity type 'Land_HouseBlock_2F2'
18:05:17    ENTITY    (W): Door 'DoorsTwin1' is missing geometry components for selection 'DoorsTwin1', check model+config
18:05:17    ENTITY    (W): Door 'DoorsTwin2' is missing geometry components for selection 'DoorsTwin2', check model+config
18:05:17    ENTITY    (W): Unknown object class 'thing' (dz\structures\furniture\eletrical_appliances\washing_machine\washing_machine.p3d)
18:05:17    ENTITY    (W): Unknown object class 'thing' (dz\structures\furniture\eletrical_appliances\washing_machine\washing_machine.p3d)
18:05:17    ENTITY    (W): Unknown object class 'thing' (dz\structures\furniture\eletrical_appliances\washing_machine\washing_machine.p3d)
18:05:17   ENTITY       : Load entity type 'Land_Garage_Small'
18:05:17    ENTITY    (W): Door 'DoorsTwin1' is missing geometry components for selection 'DoorsTwin1', check model+config
18:05:17   ENTITY       : Load entity type 'Land_HouseBlock_1F1'
18:05:17    ENTITY    (W): Unknown object class 'thing' (dz\structures\furniture\eletrical_appliances\washing_machine\washing_machine.p3d)
18:05:17    ENTITY    (W): Unknown object class 'thing' (dz\structures\furniture\eletrical_appliances\washing_machine\washing_machine.p3d)
18:05:17    ENTITY    (W): Unknown object class 'thing' (dz\structures\furniture\eletrical_appliances\washing_machine\washing_machine.p3d)
18:05:17   ENTITY       : Load entity type 'Land_House_2W04_Yellow'
18:05:17    ENTITY    (W): Door 'DoorsTwin1' is missing geometry components for selection 'DoorsTwin1', check model+config
18:05:17   ENTITY       : Load entity type 'Land_Church3'
18:05:17    ENTITY    (W): Door 'DoorsTwin1' is missing geometry components for selection 'DoorsTwin1', check model+config
18:05:17   ENTITY       : Load entity type 'Land_HouseBlock_3F_Corner1'
18:05:17    ENTITY    (W): Door 'DoorsTwin1' is missing geometry components for selection 'DoorsTwin1', check model+config
18:05:17    ENTITY    (W): Door 'DoorsTwin2' is missing geometry components for selection 'DoorsTwin2', check model+config
18:05:17    ENTITY    (W): Unknown object class 'thing' (dz\structures\furniture\eletrical_appliances\washing_machine\washing_machine.p3d)
18:05:17    ENTITY    (W): Unknown object class 'thing' (dz\structures\furniture\eletrical_appliances\washing_machine\washing_machine.p3d)
18:05:17    ENTITY    (W): Unknown object class 'thing' (dz\structures\furniture\eletrical_appliances\washing_machine\washing_machine.p3d)
18:05:17   ENTITY       : Load entity type 'Land_HouseBlock_3F2'
18:05:17    ENTITY    (W): Door 'DoorsTwin1' is missing geometry components for selection 'DoorsTwin1', check model+config
18:05:17    ENTITY    (W): Door 'DoorsTwin2' is missing geometry components for selection 'DoorsTwin2', check model+config
18:05:17   ENTITY       : Load entity type 'Land_Wreck_hb02_aban1_black'
18:05:17    ENTITY    (W): Door 'Doors3' is missing geometry components for selection 'Doors3', check model+config
18:05:17   ENTITY       : Load entity type 'Land_HouseBlock_2F6'
18:05:17    ENTITY    (W): Door 'DoorsTwin1' is missing geometry components for selection 'DoorsTwin1', check model+config
18:05:17   ENTITY       : Load entity type 'Land_Wreck_sed01_aban1_wine'
18:05:17    ENTITY    (W): Door 'Doors3' is missing geometry components for selection 'Doors3', check model+config
18:05:17   ENTITY       : Load entity type 'Land_Workshop4'
18:05:17    ENTITY    (W): Door 'DoorsTwin1' is missing geometry components for selection 'DoorsTwin1', check model+config
18:05:17   ENTITY       : Load entity type 'Land_Workshop2'
18:05:17    ENTITY    (W): Door 'DoorsTwin1' is missing geometry components for selection 'DoorsTwin1', check model+config
18:05:17   WORLD        : Create entity type 'Land_power_pole_conc4_lamp_amp'
18:05:17    ENTITY    (E): Type 'HouseType' must be inherited from class 'PASReceiverType'
18:05:17   ENTITY       : Load entity type 'Land_Wreck_sed02_aban2_red'
18:05:17    ENTITY    (W): Door 'Doors1' is missing geometry components for selection 'Doors1', check model+config
18:05:17    ENTITY    (W): Door 'Doors2' is missing geometry components for selection 'Doors2', check model+config
18:05:17    ENTITY    (W): Door 'Doors3' is missing geometry components for selection 'Doors3', check model+config
18:05:17   ENTITY       : Load entity type 'Land_HouseBlock_1F3'
18:05:17    ENTITY    (W): Door 'DoorsTwin1' is missing geometry components for selection 'DoorsTwin1', check model+config
18:05:17   ENTITY       : Load entity type 'Land_HouseBlock_2F4'
18:05:17    ENTITY    (W): Door 'DoorsTwin1' is missing geometry components for selection 'DoorsTwin1', check model+config
18:05:17   ENTITY       : Load entity type 'Land_HouseBlock_2F9'
18:05:17    ENTITY    (W): Door 'DoorsTwin1' is missing geometry components for selection 'DoorsTwin1', check model+config
18:05:17   ENTITY       : Load entity type 'Land_Wreck_sed02_aban2_yellow'
18:05:17    ENTITY    (W): Door 'Doors1' is missing geometry components for selection 'Doors1', check model+config
18:05:17    ENTITY    (W): Door 'Doors2' is missing geometry components for selection 'Doors2', check model+config
18:05:17    ENTITY    (W): Door 'Doors3' is missing geometry components for selection 'Doors3', check model+config
18:05:17   ENTITY       : Load entity type 'Land_Wreck_hb01_aban2_blue'
18:05:17    ENTITY    (W): Door 'Doors1' is missing geometry components for selection 'Doors1', check model+config
18:05:17    ENTITY    (W): Door 'Doors2' is missing geometry components for selection 'Doors2', check model+config
18:05:17   ENTITY       : Load entity type 'Land_Rail_Station_Big'
18:05:17    ENTITY    (W): Door 'DoorsTwin1' is missing geometry components for selection 'DoorsTwin1', check model+config
18:05:17   ENTITY       : Load entity type 'Land_Wall_Gate_FenG_Big_Open'
18:05:17    ENTITY    (W): Door 'DoorsTwin1' is missing geometry components for selection 'DoorsTwin1', check model+config
18:05:17   ENTITY       : Load entity type 'Land_City_PoliceStation'
18:05:17    ENTITY    (W): Door 'DoorsTwin1' is missing geometry components for selection 'DoorsTwin1', check model+config
18:05:17    ENTITY    (W): Door 'DoorsTwin2' is missing geometry components for selection 'DoorsTwin2', check model+config
18:05:17    ENTITY    (W): Door 'DoorsTwin3' is missing geometry components for selection 'DoorsTwin3', check model+config
18:05:17   ENTITY       : Load entity type 'Land_Wreck_sed02_aban2_grey'
18:05:17    ENTITY    (W): Door 'Doors1' is missing geometry components for selection 'Doors1', check model+config
18:05:17    ENTITY    (W): Door 'Doors2' is missing geometry components for selection 'Doors2', check model+config
18:05:17    ENTITY    (W): Door 'Doors3' is missing geometry components for selection 'Doors3', check model+config
18:05:17   ENTITY       : Load entity type 'Land_Garage_Row_Big'
18:05:17    ENTITY    (W): Door 'DoorsTwin1' is missing geometry components for selection 'DoorsTwin1', check model+config
18:05:17    ENTITY    (W): Door 'DoorsTwin2' is missing geometry components for selection 'DoorsTwin2', check model+config
18:05:17    ENTITY    (W): Door 'DoorsTwin3' is missing geometry components for selection 'DoorsTwin3', check model+config
18:05:17    ENTITY    (W): Door 'DoorsTwin4' is missing geometry components for selection 'DoorsTwin4', check model+config
18:05:17   ENTITY       : Load entity type 'Land_City_Hospital'
18:05:17    ENTITY    (W): Door 'DoorsTwin1' is missing geometry components for selection 'DoorsTwin1', check model+config
18:05:17   ENTITY       : Load entity type 'Land_Container_1Bo'
18:05:17    ENTITY    (W): Door 'DoorsTwin1' is missing geometry components for selection 'DoorsTwin1', check model+config
18:05:17    ENTITY    (W): Door 'DoorsTwin2' is missing geometry components for selection 'DoorsTwin2', check model+config
18:05:17   ENTITY       : Load entity type 'Land_City_Store_WithStairs'
18:05:17    ENTITY    (W): Door 'DoorsTwin1' is missing geometry components for selection 'DoorsTwin1', check model+config
18:05:17    ENTITY    (W): Door 'DoorsTwin2' is missing geometry components for selection 'DoorsTwin2', check model+config
18:05:17    ENTITY    (W): Door 'DoorsTwin3' is missing geometry components for selection 'DoorsTwin3', check model+config
18:05:17    ENTITY    (W): Door 'DoorsTwin4' is missing geometry components for selection 'DoorsTwin4', check model+config
18:05:17    ENTITY    (W): Door 'DoorsTwin5' is missing geometry components for selection 'DoorsTwin5', check model+config
18:05:17   ENTITY       : Load entity type 'Land_House_2W04'
18:05:17    ENTITY    (W): Door 'DoorsTwin1' is missing geometry components for selection 'DoorsTwin1', check model+config
18:05:17   ENTITY       : Load entity type 'Land_Office2'
18:05:17    ENTITY    (W): Door 'DoorsTwin1' is missing geometry components for selection 'DoorsTwin1', check model+config
18:05:17    ENTITY    (W): Door 'DoorsTwin2' is missing geometry components for selection 'DoorsTwin2', check model+config
18:05:17    ENTITY    (W): Door 'DoorsTwin3' is missing geometry components for selection 'DoorsTwin3', check model+config
18:05:17    ENTITY    (W): Door 'DoorsTwin4' is missing geometry components for selection 'DoorsTwin4', check model+config
18:05:17    ENTITY    (W): Door 'DoorsTwin5' is missing geometry components for selection 'DoorsTwin5', check model+config
18:05:17   ENTITY    (W): Unknown object class 'pond' (dz\water\ponds\pond_50x50.p3d)
18:05:17   ENTITY       : Load entity type 'Land_House_1W12_Brown'
18:05:17    ENTITY    (W): Unknown object class 'thing' (dz\structures\furniture\eletrical_appliances\washing_machine\washing_machine.p3d)
18:05:17    ENTITY    (W): Unknown object class 'thing' (dz\structures\furniture\eletrical_appliances\washing_machine\washing_machine.p3d)
18:05:17    ENTITY    (W): Unknown object class 'thing' (dz\structures\furniture\eletrical_appliances\washing_machine\washing_machine.p3d)
18:05:17   ENTITY       : Load entity type 'Land_House_1W08_Brown'
18:05:17    ENTITY    (W): Unknown object class 'thing' (dz\structures\furniture\eletrical_appliances\washing_machine\washing_machine.p3d)
18:05:17    ENTITY    (W): Unknown object class 'thing' (dz\structures\furniture\eletrical_appliances\washing_machine\washing_machine.p3d)
18:05:17    ENTITY    (W): Unknown object class 'thing' (dz\structures\furniture\eletrical_appliances\washing_machine\washing_machine.p3d)
18:05:17   ENTITY       : Load entity type 'Land_Wreck_hb01_aban2_white'
18:05:17    ENTITY    (W): Door 'Doors1' is missing geometry components for selection 'Doors1', check model+config
18:05:17    ENTITY    (W): Door 'Doors2' is missing geometry components for selection 'Doors2', check model+config
18:05:17   ENTITY       : Load entity type 'Land_Office1'
18:05:17    ENTITY    (W): Door 'DoorsTwin1' is missing geometry components for selection 'DoorsTwin1', check model+config
18:05:17    ENTITY    (W): Door 'DoorsTwin2' is missing geometry components for selection 'DoorsTwin2', check model+config
18:05:17    ENTITY    (W): Door 'DoorsTwin3' is missing geometry components for selection 'DoorsTwin3', check model+config
18:05:17    ENTITY    (W): Door 'DoorsTwin4' is missing geometry components for selection 'DoorsTwin4', check model+config
18:05:17    ENTITY    (W): Door 'DoorsTwin5' is missing geometry components for selection 'DoorsTwin5', check model+config
18:05:17    ENTITY    (W): Door 'DoorsTwin6' is missing geometry components for selection 'DoorsTwin6', check model+config
18:05:17    ENTITY    (W): Door 'DoorsTwin7' is missing geometry components for selection 'DoorsTwin7', check model+config
18:05:17   ENTITY       : Load entity type 'Land_Workshop5'
18:05:17    ENTITY    (W): Door 'DoorsTwin1' is missing geometry components for selection 'DoorsTwin1', check model+config
18:05:17   ENTITY       : Load entity type 'Land_Factory_Small'
18:05:17    ENTITY    (W): Door 'DoorsTwin1' is missing geometry components for selection 'DoorsTwin1', check model+config
18:05:17    ENTITY    (W): Door 'DoorsTwin2' is missing geometry components for selection 'DoorsTwin2', check model+config
18:05:17   ENTITY       : Load entity type 'Land_Wreck_hb01_aban1_green'
18:05:17    ENTITY    (W): Door 'Doors1' is missing geometry components for selection 'Doors1', check model+config
18:05:17    ENTITY    (W): Door 'Doors2' is missing geometry components for selection 'Doors2', check model+config
18:05:18   ENTITY       : Load entity type 'Land_Mil_Barracks3'
18:05:18    ENTITY    (W): Door 'DoorsTwin1' is missing geometry components for selection 'DoorsTwin1', check model+config
18:05:18   ENTITY       : Load entity type 'Land_wreck_truck01_aban2_firetruck'
18:05:18    ENTITY    (W): Door 'Doors2' is missing geometry components for selection 'Doors2', check model+config
18:05:18    ENTITY    (W): Door 'DoorsTwin1' is missing geometry components for selection 'DoorsTwin1', check model+config
18:05:18    ENTITY    (W): Door 'Doors5' is missing geometry components for selection 'Doors5', check model+config
18:05:18    ENTITY    (W): Door 'Doors6' is missing geometry components for selection 'Doors6', check model+config
18:05:18    ENTITY    (W): Door 'Doors7' is missing geometry components for selection 'Doors7', check model+config
18:05:18    ENTITY    (W): Door 'Doors8' is missing geometry components for selection 'Doors8', check model+config
18:05:18    ENTITY    (W): Door 'Doors9' is missing geometry components for selection 'Doors9', check model+config
18:05:18   ENTITY       : Load entity type 'Land_wreck_truck01_aban1_firetruck'
18:05:18    ENTITY    (W): Door 'Doors2' is missing geometry components for selection 'Doors2', check model+config
18:05:18    ENTITY    (W): Door 'DoorsTwin1' is missing geometry components for selection 'DoorsTwin1', check model+config
18:05:18    ENTITY    (W): Door 'Doors5' is missing geometry components for selection 'Doors5', check model+config
18:05:18    ENTITY    (W): Door 'Doors6' is missing geometry components for selection 'Doors6', check model+config
18:05:18    ENTITY    (W): Door 'Doors7' is missing geometry components for selection 'Doors7', check model+config
18:05:18    ENTITY    (W): Door 'Doors8' is missing geometry components for selection 'Doors8', check model+config
18:05:18    ENTITY    (W): Door 'Doors9' is missing geometry components for selection 'Doors9', check model+config
18:05:18   ENTITY       : Load entity type 'Land_Container_1Moh'
18:05:18    ENTITY    (W): Door 'DoorsTwin1' is missing geometry components for selection 'DoorsTwin1', check model+config
18:05:18   ENTITY       : Load entity type 'Land_Rail_Warehouse_Small'
18:05:18    ENTITY    (W): Door 'DoorsTwin1' is missing geometry components for selection 'DoorsTwin1', check model+config
18:05:18    ENTITY    (W): Door 'DoorsTwin2' is missing geometry components for selection 'DoorsTwin2', check model+config
18:05:18   ENTITY       : Load entity type 'Land_Container_1Aoh'
18:05:18    ENTITY    (W): Door 'DoorsTwin1' is missing geometry components for selection 'DoorsTwin1', check model+config
18:05:18   ENTITY       : Load entity type 'Land_Village_HealthCare'
18:05:18    ENTITY    (W): Door 'DoorsTwin1' is missing geometry components for selection 'DoorsTwin1', check model+config
18:05:18    ENTITY    (W): Door 'DoorsTwin2' is missing geometry components for selection 'DoorsTwin2', check model+config
18:05:18   ENTITY    (W): Unknown object class 'pond' (dz\water\ponds\pond_big_38_01.p3d)
18:05:18   ENTITY    (W): Unknown object class 'pond' (dz\water\ponds\pond_big_38_02.p3d)
18:05:18   ENTITY       : Load entity type 'Land_Farm_CowshedA'
18:05:18    ENTITY    (W): Door 'DoorsTwin1' is missing geometry components for selection 'DoorsTwin1', check model+config
18:05:18    ENTITY    (W): Door 'DoorsTwin2' is missing geometry components for selection 'DoorsTwin2', check model+config
18:05:18   ENTITY       : Load entity type 'Land_Farm_CowshedC'
18:05:18    ENTITY    (W): Door 'DoorsTwin1' is missing geometry components for selection 'DoorsTwin1', check model+config
18:05:18   ENTITY       : Load entity type 'Land_CementWorks_Hall2_Brick'
18:05:18    ENTITY    (W): Door 'DoorsTwin1' is missing geometry components for selection 'DoorsTwin1', check model+config
18:05:18   ENTITY       : Load entity type 'Land_Wreck_offroad02_aban2'
18:05:18    ENTITY    (W): Door 'Doors3' is missing geometry components for selection 'Doors3', check model+config
18:05:19   ENTITY       : Load entity type 'Land_Mil_Airfield_HQ'
18:05:19    ENTITY    (W): Door 'DoorsTwin1' is missing geometry components for selection 'DoorsTwin1', check model+config
18:05:19   ENTITY       : Load entity type 'Land_Mil_Barracks1'
18:05:19    ENTITY    (W): Door 'DoorsTwin1' is missing geometry components for selection 'DoorsTwin1', check model+config
18:05:19   ENTITY    (W): Unknown object class 'pond' (dz\water\ponds\pond_small_06.p3d)
18:05:19   WORLD        : Create entity type 'Land_radio_panelbig'
18:05:19    ENTITY    (E): Type 'HouseType' must be inherited from class 'StaticTransmitterType'
18:05:19   ENTITY       : Load entity type 'Land_Radio_building'
18:05:19    ENTITY    (W): Door 'DoorsTwin1' is missing geometry components for selection 'DoorsTwin1', check model+config
18:05:19   ENTITY    (W): Unknown object class 'pond' (dz\water\ponds\pond_50x50.p3d)
18:05:19   ENTITY    (W): Unknown object class 'pond' (dz\water\ponds\pond_50x50.p3d)
18:05:19   ENTITY    (W): Unknown object class 'pond' (dz\water\ponds\pond_50x50.p3d)
18:05:19   ENTITY       : Load entity type 'Land_Garage_Big'
18:05:19    ENTITY    (W): Door 'DoorsTwin1' is missing geometry components for selection 'DoorsTwin1', check model+config
18:05:20   ENTITY       : Load entity type 'Land_Tisy_HQ'
18:05:20    ENTITY    (W): Door 'DoorsTwin1' is missing geometry components for selection 'DoorsTwin1', check model+config
18:05:20   ENTITY    (W): Unknown object class 'pond' (dz\water\ponds\pond_small_20.p3d)
18:05:20   ENTITY    (W): Unknown object class 'pond' (dz\water\ponds\pond_small_02.p3d)
18:05:21   ENTITY       : Load entity type 'Land_HouseBlock_5F'
18:05:21    ENTITY    (W): Door 'DoorsTwin1' is missing geometry components for selection 'DoorsTwin1', check model+config
18:05:21   ENTITY       : Load entity type 'Land_Office_Municipal2'
18:05:21    ENTITY    (W): Door 'DoorsTwin1' is missing geometry components for selection 'DoorsTwin1', check model+config
18:05:29  SCRIPT    (W): @"VanillaPPMap/5_Mission/gui\vppmapmenu.c,3": FIX-ME: Unexpected statement 'ref'
18:05:29  SCRIPT    (W): @"VanillaPPMap/5_Mission/gui\vppmapmenu.c,4": FIX-ME: Unexpected statement 'ref'
18:05:29  SCRIPT    (W): @"VanillaPPMap/5_Mission/gui\vppmapmenu.c,5": FIX-ME: Unexpected statement 'ref'
18:05:29  SCRIPT    (W): @"VanillaPPMap/5_Mission/missionserver.c,12": FIX-ME: Method argument can't be strong reference
18:05:29  SCRIPT    (W): @"VanillaPPMap/5_Mission/missionserver.c,12": FIX-ME: Method argument can't be strong reference
18:05:29  SCRIPT    (W): @"VanillaPPMap/5_Mission/missionserver.c,12": FIX-ME: Method argument can't be strong reference
18:05:29  SCRIPT    (W): @"VanillaPPMap/5_Mission/missionserver.c,17": FIX-ME: Method argument can't be strong reference
18:05:29  SCRIPT    (W): @"VanillaPPMap/5_Mission/missionserver.c,17": FIX-ME: Method argument can't be strong reference
18:05:29  SCRIPT    (W): @"VanillaPPMap/5_Mission/missionserver.c,17": FIX-ME: Method argument can't be strong reference
18:05:29  SCRIPT    (W): @"VanillaPPMap/5_Mission/missionserver.c,22": FIX-ME: Method argument can't be strong reference
18:05:29  SCRIPT    (W): @"VanillaPPMap/5_Mission/missionserver.c,22": FIX-ME: Method argument can't be strong reference
18:05:29  SCRIPT    (W): @"VanillaPPMap/5_Mission/missionserver.c,22": FIX-ME: Method argument can't be strong reference
18:05:29  SCRIPT    (W): @"VanillaPPMap/5_Mission/missionserver.c,37": FIX-ME: Method argument can't be strong reference
18:05:29  SCRIPT    (W): @"VanillaPPMap/5_Mission/missionserver.c,37": FIX-ME: Method argument can't be strong reference
18:05:29  SCRIPT    (W): @"VanillaPPMap/5_Mission/missionserver.c,37": FIX-ME: Method argument can't be strong reference
18:05:29  SCRIPT    (W): @"VanillaPPMap/5_Mission/missiongameplay.c,21": FIX-ME: Method argument can't be strong reference
18:05:29  SCRIPT    (W): @"VanillaPPMap/5_Mission/missiongameplay.c,21": FIX-ME: Method argument can't be strong reference
18:05:29  SCRIPT    (W): @"VanillaPPMap/5_Mission/missiongameplay.c,21": FIX-ME: Method argument can't be strong reference
18:05:29  SCRIPT    (W): @"VanillaPPMap/5_Mission/missiongameplay.c,29": FIX-ME: Method argument can't be strong reference
18:05:29  SCRIPT    (W): @"VanillaPPMap/5_Mission/missiongameplay.c,29": FIX-ME: Method argument can't be strong reference
18:05:29  SCRIPT    (W): @"VanillaPPMap/5_Mission/missiongameplay.c,29": FIX-ME: Method argument can't be strong reference
18:05:29  SCRIPT    (W): @"VanillaPPMap/5_Mission/missiongameplay.c,37": FIX-ME: Method argument can't be strong reference
18:05:29  SCRIPT    (W): @"VanillaPPMap/5_Mission/missiongameplay.c,37": FIX-ME: Method argument can't be strong reference
18:05:29  SCRIPT    (W): @"VanillaPPMap/5_Mission/missiongameplay.c,37": FIX-ME: Method argument can't be strong reference
18:05:29  SCRIPT    (W): @"VanillaPPMap/5_Mission/missiongameplay.c,45": FIX-ME: Method argument can't be strong reference
18:05:29  SCRIPT    (W): @"VanillaPPMap/5_Mission/missiongameplay.c,45": FIX-ME: Method argument can't be strong reference
18:05:29  SCRIPT    (W): @"VanillaPPMap/5_Mission/missiongameplay.c,45": FIX-ME: Method argument can't be strong reference
18:05:29  SCRIPT    (W): @"VanillaPPMap/5_Mission/gui\vppmapmenu.c,161": FIX-ME: Method argument can't be strong reference
18:05:29  SCRIPT    (W): @"VanillaPPMap/5_Mission/gui\markerslistadapter.c,245": FIX-ME: Method argument can't be strong reference
18:05:29  SCRIPT    (W): @"VanillaPPMap/5_Mission/gui\markerslistadapter.c,249": FIX-ME: Method argument can't be strong reference
18:05:31 Mission script has no main function, player connect will stay disabled!
18:05:31 Average server FPS: 0.25 (measured interval: 1 s)
18:05:31 Used memory: 896684 KB
18:05:31 Players: 0 in total
18:05:31 WORLD        : Create entity type 'ExpansionP2PTraderAIIrena'
18:05:31  MATERIAL  (E): Object dz/characters/bodies/player_testing.xob - cannot load material cross_red.emat
18:05:33 Average server FPS: 0.50 (measured interval: 1 s)
18:05:33 Used memory: 920197 KB
18:05:33 Players: 0 in total
18:05:33 ENTITY    (W): Unknown object class 'pond' (dz\water\ponds\pond_big_44.p3d)
18:05:34 Average server FPS: 24.78 (measured interval: 1 s)
18:05:34 Used memory: 929538 KB
18:05:34 Players: 0 in total
18:05:35 Average server FPS: 24.78 (measured interval: 1 s)
18:05:35 Used memory: 930081 KB
18:05:35 Players: 0 in total
18:05:36 Average server FPS: 24.80 (measured interval: 1 s)
18:05:36 Used memory: 930081 KB
18:05:36 Players: 0 in total
18:05:37 Average server FPS: 24.68 (measured interval: 1 s)
18:05:37 Used memory: 931541 KB
18:05:37 Players: 0 in total
18:05:38 Average server FPS: 24.75 (measured interval: 1 s)
18:05:38 Used memory: 931541 KB
18:05:38 Players: 0 in total
18:05:39 Average server FPS: 24.75 (measured interval: 1 s)
18:05:39 Used memory: 939068 KB
18:05:39 Players: 0 in total
18:05:40 Average server FPS: 24.80 (measured interval: 1 s)
18:05:40 Used memory: 939063 KB
18:05:40 Players: 0 in total
18:05:41 Average server FPS: 24.85 (measured interval: 1 s)
18:05:41 Used memory: 940022 KB
18:05:41 Players: 0 in total
18:05:42 Average server FPS: 24.80 (measured interval: 1 s)
18:05:42 Used memory: 940188 KB
18:05:42 Players: 0 in total
18:05:43 Average server FPS: 24.61 (measured interval: 1 s)
18:05:43 Used memory: 940258 KB
18:05:43 Players: 0 in total
18:05:44 Average server FPS: 24.58 (measured interval: 1 s)
18:05:44 Used memory: 940271 KB
18:05:44 Players: 0 in total
18:05:45 Average server FPS: 24.63 (measured interval: 1 s)
18:05:45 Used memory: 940271 KB
18:05:45 Players: 0 in total
18:05:46 Average server FPS: 24.61 (measured interval: 1 s)
18:05:46 Used memory: 940271 KB
18:05:46 Players: 0 in total
18:05:47 Average server FPS: 24.58 (measured interval: 1 s)
18:05:47 Used memory: 940271 KB
18:05:47 Players: 0 in total
18:05:48 Average server FPS: 24.68 (measured interval: 1 s)
18:05:48 Used memory: 940273 KB
18:05:48 Players: 0 in total
18:05:49 Average server FPS: 24.56 (measured interval: 1 s)
18:05:49 Used memory: 940273 KB
18:05:49 Players: 0 in total
18:05:50 Average server FPS: 24.65 (measured interval: 1 s)
18:05:50 Used memory: 940273 KB
18:05:50 Players: 0 in total
18:05:51 Average server FPS: 24.61 (measured interval: 1 s)
18:05:51 Used memory: 940273 KB
18:05:51 Players: 0 in total
18:05:52 Average server FPS: 24.56 (measured interval: 1 s)
18:05:52 Used memory: 940273 KB
18:05:52 Players: 0 in total
18:05:53 Average server FPS: 24.61 (measured interval: 1 s)
18:05:53 Used memory: 940273 KB
18:05:53 Players: 0 in total
18:05:54 Average server FPS: 24.63 (measured interval: 1 s)
18:05:54 Used memory: 940273 KB
18:05:54 Players: 0 in total
18:05:55 Average server FPS: 24.68 (measured interval: 1 s)
18:05:55 Used memory: 940273 KB
18:05:55 Players: 0 in total
18:05:56 Average server FPS: 24.58 (measured interval: 1 s)
18:05:56 Used memory: 940273 KB
18:05:56 Players: 0 in total
18:05:57 Average server FPS: 24.56 (measured interval: 1 s)
18:05:57 Used memory: 940273 KB
18:05:57 Players: 0 in total
18:05:58 Average server FPS: 24.63 (measured interval: 1 s)
18:05:58 Used memory: 940273 KB
18:05:58 Players: 0 in total
18:05:59 Average server FPS: 24.65 (measured interval: 1 s)
18:05:59 Used memory: 940273 KB
18:05:59 Players: 0 in total
18:06:00 Average server FPS: 24.65 (measured interval: 1 s)
18:06:00 Used memory: 940273 KB
18:06:00 Players: 0 in total
18:06:01 Average server FPS: 24.58 (measured interval: 1 s)
18:06:01 Used memory: 940273 KB
18:06:01 Players: 0 in total
18:06:02 Average server FPS: 24.65 (measured interval: 1 s)
18:06:02 Used memory: 940273 KB
18:06:02 Players: 0 in total
18:06:03 Average server FPS: 24.56 (measured interval: 1 s)
18:06:03 Used memory: 940273 KB
18:06:03 Players: 0 in total
18:06:04 Average server FPS: 24.61 (measured interval: 1 s)
18:06:04 Used memory: 940273 KB
18:06:04 Players: 0 in total
18:06:06 Average server FPS: 24.61 (measured interval: 1 s)
18:06:06 Used memory: 940273 KB
18:06:06 Players: 0 in total
18:06:07 Average server FPS: 24.65 (measured interval: 1 s)
18:06:07 Used memory: 940273 KB
18:06:07 Players: 0 in total
18:06:08 Average server FPS: 24.63 (measured interval: 1 s)
18:06:08 Used memory: 940273 KB
18:06:08 Players: 0 in total
18:06:09 Average server FPS: 24.56 (measured interval: 1 s)
18:06:09 Used memory: 940273 KB
18:06:09 Players: 0 in total
18:06:10 Average server FPS: 24.61 (measured interval: 1 s)
18:06:10 Used memory: 940273 KB
18:06:10 Players: 0 in total
18:06:11 Average server FPS: 24.68 (measured interval: 1 s)
18:06:11 Used memory: 940273 KB
18:06:11 Players: 0 in total
18:06:12 Average server FPS: 24.61 (measured interval: 1 s)
18:06:12 Used memory: 940273 KB
18:06:12 Players: 0 in total
18:06:13 Average server FPS: 24.53 (measured interval: 1 s)
18:06:13 Used memory: 940273 KB
18:06:13 Players: 0 in total
18:06:14 Average server FPS: 24.58 (measured interval: 1 s)
18:06:14 Used memory: 940273 KB
18:06:14 Players: 0 in total
18:06:15 Average server FPS: 24.65 (measured interval: 1 s)
18:06:15 Used memory: 940273 KB
18:06:15 Players: 0 in total
18:06:16 Average server FPS: 24.58 (measured interval: 1 s)
18:06:16 Used memory: 940273 KB
18:06:16 Players: 0 in total
18:06:17 Average server FPS: 24.70 (measured interval: 1 s)
18:06:17 Used memory: 940273 KB
18:06:17 Players: 0 in total
18:06:18 Average server FPS: 24.61 (measured interval: 1 s)
18:06:18 Used memory: 940277 KB
18:06:18 Players: 0 in total
18:06:19 Average server FPS: 24.61 (measured interval: 1 s)
18:06:19 Used memory: 940277 KB
18:06:19 Players: 0 in total
18:06:20 Average server FPS: 24.51 (measured interval: 1 s)
18:06:20 Used memory: 940277 KB
18:06:20 Players: 0 in total
18:06:21 Average server FPS: 24.68 (measured interval: 1 s)
18:06:21 Used memory: 940277 KB
18:06:21 Players: 0 in total
18:06:22 Average server FPS: 24.58 (measured interval: 1 s)
18:06:22 Used memory: 940277 KB
18:06:22 Players: 0 in total
18:06:23 Average server FPS: 24.63 (measured interval: 1 s)
18:06:23 Used memory: 940277 KB
18:06:23 Players: 0 in total
18:06:24 Average server FPS: 24.65 (measured interval: 1 s)
18:06:24 Used memory: 940277 KB
18:06:24 Players: 0 in total
18:06:25 Average server FPS: 24.68 (measured interval: 1 s)
18:06:25 Used memory: 940277 KB
18:06:25 Players: 0 in total
18:06:26 Average server FPS: 24.61 (measured interval: 1 s)
18:06:26 Used memory: 940277 KB
18:06:26 Players: 0 in total
18:06:27 Average server FPS: 24.65 (measured interval: 1 s)
18:06:27 Used memory: 940277 KB
18:06:27 Players: 0 in total
18:06:28 Average server FPS: 24.61 (measured interval: 1 s)
18:06:28 Used memory: 940277 KB
18:06:28 Players: 0 in total
18:06:29 Average server FPS: 24.65 (measured interval: 1 s)
18:06:29 Used memory: 940277 KB
18:06:29 Players: 0 in total
18:06:30 Average server FPS: 24.63 (measured interval: 1 s)
18:06:30 Used memory: 940277 KB
18:06:30 Players: 0 in total
18:06:31 Average server FPS: 24.61 (measured interval: 1 s)
18:06:31 Used memory: 940277 KB
18:06:31 Players: 0 in total
18:06:32 Average server FPS: 24.58 (measured interval: 1 s)
18:06:32 Used memory: 940277 KB
18:06:32 Players: 0 in total
18:06:33 Average server FPS: 24.68 (measured interval: 1 s)
18:06:33 Used memory: 940277 KB
18:06:33 Players: 0 in total
18:06:34 Average server FPS: 24.58 (measured interval: 1 s)
18:06:34 Used memory: 940277 KB
18:06:34 Players: 0 in total
18:06:35 Average server FPS: 24.68 (measured interval: 1 s)
18:06:35 Used memory: 940277 KB
18:06:35 Players: 0 in total
18:06:36 Average server FPS: 24.65 (measured interval: 1 s)
18:06:36 Used memory: 940277 KB
18:06:36 Players: 0 in total
18:06:37 Average server FPS: 24.63 (measured interval: 1 s)
18:06:37 Used memory: 940277 KB
18:06:37 Players: 0 in total
18:06:38 Average server FPS: 24.58 (measured interval: 1 s)
18:06:38 Used memory: 940277 KB
18:06:38 Players: 0 in total
18:06:39 Average server FPS: 24.61 (measured interval: 1 s)
18:06:39 Used memory: 940277 KB
18:06:39 Players: 0 in total
18:06:40 Average server FPS: 24.63 (measured interval: 1 s)
18:06:40 Used memory: 940277 KB
18:06:40 Players: 0 in total
18:06:41 Average server FPS: 24.65 (measured interval: 1 s)
18:06:41 Used memory: 940277 KB
18:06:41 Players: 0 in total
18:06:42 Average server FPS: 24.58 (measured interval: 1 s)
18:06:42 Used memory: 940277 KB
18:06:42 Players: 0 in total
18:06:43 Average server FPS: 24.56 (measured interval: 1 s)
18:06:43 Used memory: 940277 KB
18:06:43 Players: 0 in total
18:06:44 Average server FPS: 24.61 (measured interval: 1 s)
18:06:44 Used memory: 940277 KB
18:06:44 Players: 0 in total
18:06:45 Average server FPS: 24.58 (measured interval: 1 s)
18:06:45 Used memory: 940277 KB
18:06:45 Players: 0 in total
18:06:46 Average server FPS: 24.63 (measured interval: 1 s)
18:06:46 Used memory: 940277 KB
18:06:46 Players: 0 in total
18:06:47 Average server FPS: 24.61 (measured interval: 1 s)
18:06:47 Used memory: 940277 KB
18:06:47 Players: 0 in total
18:06:48 Average server FPS: 24.68 (measured interval: 1 s)
18:06:48 Used memory: 940280 KB
18:06:48 Players: 0 in total
18:06:49 Average server FPS: 24.68 (measured interval: 1 s)
18:06:49 Used memory: 940280 KB
18:06:49 Players: 0 in total
18:06:50 Average server FPS: 24.65 (measured interval: 1 s)
18:06:50 Used memory: 940280 KB
18:06:50 Players: 0 in total
18:06:51 Average server FPS: 24.63 (measured interval: 1 s)
18:06:51 Used memory: 940280 KB
18:06:51 Players: 0 in total
18:06:52 Average server FPS: 24.70 (measured interval: 1 s)
18:06:52 Used memory: 940280 KB
18:06:52 Players: 0 in total
18:06:53 Average server FPS: 24.61 (measured interval: 1 s)
18:06:53 Used memory: 940280 KB
18:06:53 Players: 0 in total
18:06:54 Average server FPS: 24.68 (measured interval: 1 s)
18:06:54 Used memory: 940280 KB
18:06:54 Players: 0 in total
18:06:55 Average server FPS: 24.63 (measured interval: 1 s)
18:06:55 Used memory: 940280 KB
18:06:55 Players: 0 in total
18:06:56 Average server FPS: 24.58 (measured interval: 1 s)
18:06:56 Used memory: 940280 KB
18:06:56 Players: 0 in total
18:06:57 Average server FPS: 24.61 (measured interval: 1 s)
18:06:57 Used memory: 940280 KB
18:06:57 Players: 0 in total
18:06:58 Average server FPS: 24.65 (measured interval: 1 s)
18:06:58 Used memory: 940280 KB
18:06:58 Players: 0 in total
18:06:59 Average server FPS: 24.53 (measured interval: 1 s)
18:06:59 Used memory: 940280 KB
18:06:59 Players: 0 in total
18:07:00 Average server FPS: 24.65 (measured interval: 1 s)
18:07:00 Used memory: 940280 KB
18:07:00 Players: 0 in total
18:07:01 Average server FPS: 24.63 (measured interval: 1 s)
18:07:01 Used memory: 940280 KB
18:07:01 Players: 0 in total
18:07:02 Average server FPS: 24.61 (measured interval: 1 s)
18:07:02 Used memory: 940280 KB
18:07:02 Players: 0 in total
18:07:03 Average server FPS: 24.58 (measured interval: 1 s)
18:07:03 Used memory: 940280 KB
18:07:03 Players: 0 in total
18:07:04 Average server FPS: 24.68 (measured interval: 1 s)
18:07:04 Used memory: 940280 KB
18:07:04 Players: 0 in total
18:07:05 Average server FPS: 24.73 (measured interval: 1 s)
18:07:05 Used memory: 940280 KB
18:07:05 Players: 0 in total
18:07:06 Average server FPS: 24.65 (measured interval: 1 s)
18:07:06 Used memory: 940280 KB
18:07:06 Players: 0 in total
18:07:07 Average server FPS: 24.63 (measured interval: 1 s)
18:07:07 Used memory: 940280 KB
18:07:07 Players: 0 in total
18:07:08 Average server FPS: 24.65 (measured interval: 1 s)
18:07:08 Used memory: 940280 KB
18:07:08 Players: 0 in total
18:07:09 Average server FPS: 24.65 (measured interval: 1 s)
18:07:09 Used memory: 940280 KB
18:07:09 Players: 0 in total
18:07:10 Average server FPS: 24.73 (measured interval: 1 s)
18:07:10 Used memory: 940280 KB
18:07:10 Players: 0 in total
18:07:11 Average server FPS: 24.70 (measured interval: 1 s)
18:07:11 Used memory: 940280 KB
18:07:11 Players: 0 in total
18:07:12 Average server FPS: 24.80 (measured interval: 1 s)
18:07:12 Used memory: 940280 KB
18:07:12 Players: 0 in total
18:07:14 Average server FPS: 24.61 (measured interval: 1 s)
18:07:14 Used memory: 940280 KB
18:07:14 Players: 0 in total
18:07:15 Average server FPS: 24.73 (measured interval: 1 s)
18:07:15 Used memory: 940280 KB
18:07:15 Players: 0 in total
18:07:16 Average server FPS: 24.56 (measured interval: 1 s)
18:07:16 Used memory: 940280 KB
18:07:16 Players: 0 in total
18:07:18  --- Termination successfully completed --- 
