---------------------------------------------
Log /home/rechenplan/DayZProjects/ShadowsOfChernarus/profiles/error.log started at 22.09. 18:05:06

SCRIPT    (W): @"BaseBuildingPlus/scripts/3_Game/bbpconfig.c,143": FIX-ME: Unexpected statement 'ref'
SCRIPT    (W): @"VanillaPPMap/3_Game/vanillaplusplus.c,36": FIX-ME: Method argument can't be strong reference
SCRIPT    (W): @"VanillaPPMap/3_Game/vanillaplusplus.c,106": FIX-ME: Method argument can't be strong reference
SCRIPT    (W): @"VanillaPPMap/3_Game/vanillaplusplus.c,118": FIX-ME: Method argument can't be strong reference
SCRIPT    (W): @"VanillaPPMap/3_Game/vanillaplusplus.c,134": FIX-ME: Method argument can't be strong reference
SCRIPT    (W): @"VanillaPPMap/3_Game/json\models\markerscacheinterface.c,5": FIX-ME: Method argument can't be strong reference
SCRIPT    (W): @"VanillaPPMap/3_Game/json\models\markerscacheinterface.c,7": FIX-ME: Method argument can't be strong reference
SCRIPT    (W): @"VanillaPPMap/3_Game/json\models\mapmarkerscache.c,26": FIX-ME: Method argument can't be strong reference
SCRIPT    (W): @"VanillaPPMap/3_Game/json\models\mapmarkerscache.c,46": FIX-ME: Method argument can't be strong reference
SCRIPT    (W): @"VanillaPPMap/3_Game/json\models\vppmapconfig.c,11": FIX-ME: Method argument can't be strong reference
SCRIPT    (W): @"VanillaPPMap/3_Game/json\clientmarkerscache.c,15": FIX-ME: Method argument can't be strong reference
ANIMATION (E): Can't load @DabsFramework/Anims/cfg/skeletons.anim.xml
ANIMATION (E): Failed to open file, line 0, column 0
ANIMATION (E): Can't load @BaseBuildingPlus/Anims/cfg/skeletons.anim.xml
ANIMATION (E): Failed to open file, line 0, column 0
ANIMATION (E): Can't load @RealisticSuppressors/Anims/cfg/skeletons.anim.xml
ANIMATION (E): Failed to open file, line 0, column 0
ANIMATION (E): Can't load @UndergroundBases/Anims/cfg/skeletons.anim.xml
ANIMATION (E): Failed to open file, line 0, column 0
ANIMATION (E): Can't load @DayZEditorLoader/Anims/cfg/skeletons.anim.xml
ANIMATION (E): Failed to open file, line 0, column 0
ANIMATION (E): Can't load @Community-Online-Tools/Anims/cfg/skeletons.anim.xml
ANIMATION (E): Failed to open file, line 0, column 0
ANIMATION (E): Can't load @Trader/Anims/cfg/skeletons.anim.xml
ANIMATION (E): Failed to open file, line 0, column 0
ANIMATION (E): Can't load @VPPMapGPSRequirement/Anims/cfg/skeletons.anim.xml
ANIMATION (E): Failed to open file, line 0, column 0
ANIMATION (E): Can't load @BuilderItems/Anims/cfg/skeletons.anim.xml
ANIMATION (E): Failed to open file, line 0, column 0
ANIMATION (E): Can't load @PvZmoD_CustomisableZombies/Anims/cfg/skeletons.anim.xml
ANIMATION (E): Failed to open file, line 0, column 0
ANIMATION (E): Can't load @PercentageHud/Anims/cfg/skeletons.anim.xml
ANIMATION (E): Failed to open file, line 0, column 0
ANIMATION (E): Can't load @CF/Anims/cfg/skeletons.anim.xml
ANIMATION (E): Failed to open file, line 0, column 0
ANIMATION (E): Can't load @VanillaPlusPlusMap/Anims/cfg/skeletons.anim.xml
ANIMATION (E): Failed to open file, line 0, column 0
ANIMATION (E): Can't load @DayZ-Expansion-Bundle/Anims/cfg/skeletons.anim.xml
ANIMATION (E): Failed to open file, line 0, column 0
ANIMATION (E): Can't load @DayZ-Expansion-Licensed/Anims/cfg/skeletons.anim.xml
ANIMATION (E): Failed to open file, line 0, column 0
ANIMATION (E): Can't load @BuildingFortifications/Anims/cfg/skeletons.anim.xml
ANIMATION (E): Failed to open file, line 0, column 0
ANIMATION (E): Can't load @CodeLock/Anims/cfg/skeletons.anim.xml
ANIMATION (E): Failed to open file, line 0, column 0
ANIMATION (E): Can't load @RedFalconFlightSystemHeliz/Anims/cfg/skeletons.anim.xml
ANIMATION (E): Failed to open file, line 0, column 0
ANIMATION (E): Can't load @AutoRunUnlimitedStamina/Anims/cfg/skeletons.anim.xml
ANIMATION (E): Failed to open file, line 0, column 0
ANIMATION (E): Can't load sakhal/Anims/cfg/skeletons.anim.xml
ANIMATION (E): Failed to open file, line 0, column 0
ANIMATION (E): Can't load @Sector31-DynamicHordes/Anims/cfg/skeletons.anim.xml
ANIMATION (E): Failed to open file, line 0, column 0
SCRIPT    (W): @"TM/Trader/scripts/4_World/wallet.c,9": Missing ';' at the end of line
SCRIPT    (W): @"TM/Trader/scripts/4_World/entities\manbase\playerbase.c,22": FIX-ME: Overriding function 'IsInSafeZone' but not marked as 'override'
SCRIPT    (W): @"RFFSHeli_Core/scripts/4_World/rffsheli_core.c,2343": 'OnBeforeSwitchLights' is obsolete: no replacement
SCRIPT    (W): @"UndergroundBases/scripts/4_World/undergroundhatch.c,345": FIX-ME: Overriding function 'FoldBaseBuildingObject' but not marked as 'override'
SCRIPT    (W): @"UndergroundBases/scripts/4_World/undergroundhatch.c,360": FIX-ME: Overriding function 'CreateConstructionKit' but not marked as 'override'
SCRIPT    (W): @"UndergroundBases/scripts/4_World/undergroundhatch.c,3": FIX-ME: Overriding function 'BaseClassName' but not marked as 'override'
SCRIPT    (W): @"UndergroundBases/scripts/4_World/undergroundhatch.c,9": FIX-ME: Overriding function 'BaseClassName' but not marked as 'override'
SCRIPT    (W): @"TM/Trader/scripts/4_World/entities\dayzplayerimplement.c,151": FIX-ME: Unsafe down-casting, use 'PlayerBase.Cast' for safe down-casting
SCRIPT    (W): @"RFFSHeli_Core/scripts/4_World/actions\actiongetouttransport.c,64": FIX-ME: Unsafe down-casting, use 'RFFSHeli_base.Cast' for safe down-casting
SCRIPT    (W): @"RFFSHeli_Core/scripts/4_World/playerbase.c,16": FIX-ME: Unsafe down-casting, use 'Object.Cast' for safe down-casting
SCRIPT    (W): @"RFFSHeli_Core/scripts/4_World/playerbase.c,217": FIX-ME: Unsafe down-casting, use 'Object.Cast' for safe down-casting
SCRIPT    (W): @"RFFSHeli_Core/scripts/4_World/rffsheli_core.c,2276": FIX-ME: Unsafe down-casting, use 'ItemBase.Cast' for safe down-casting
SCRIPT    (W): @"RFFSHeli_Core/scripts/4_World/rffsheli_core.c,2381": FIX-ME: Unsafe down-casting, use 'ItemBase.Cast' for safe down-casting
NETWORK      : Network simulation
 Loading landscape 'chernarusplus'
  WORLD        : Create entity type 'Land_power_pole_conc1_amp'
   ENTITY    (E): Type 'HouseType' must be inherited from class 'PASReceiverType'
  ENTITY       : Load entity type 'Land_Mil_Barracks5'
   ENTITY    (W): Door 'DoorsTwin1' is missing geometry components for selection 'DoorsTwin1', check model+config
  WORLD        : Create entity type 'Land_radio_panelpas'
   ENTITY    (E): Type 'HouseType' must be inherited from class 'PASBroadcasterType'
  ENTITY       : Load entity type 'Land_Prison_Side'
   ENTITY    (W): Door 'DoorsTwin1' is missing geometry components for selection 'DoorsTwin1', check model+config
   ENTITY    (W): Door 'DoorsTwin2' is missing geometry components for selection 'DoorsTwin2', check model+config
   ENTITY    (W): Door 'DoorsTwin3' is missing geometry components for selection 'DoorsTwin3', check model+config
   ENTITY    (W): Door 'DoorsTwin4' is missing geometry components for selection 'DoorsTwin4', check model+config
   ENTITY    (W): Door 'DoorsTwin5' is missing geometry components for selection 'DoorsTwin5', check model+config
   ENTITY    (W): Door 'DoorsTwin6' is missing geometry components for selection 'DoorsTwin6', check model+config
   ENTITY    (W): Door 'DoorsTwin7' is missing geometry components for selection 'DoorsTwin7', check model+config
   ENTITY    (W): Door 'DoorsTwin8' is missing geometry components for selection 'DoorsTwin8', check model+config
  WORLD        : Create entity type 'Land_power_pole_wood1_amp'
   ENTITY    (E): Type 'HouseType' must be inherited from class 'PASReceiverType'
  ENTITY       : Load entity type 'Land_Container_1Mo'
   ENTITY    (W): Door 'DoorsTwin1' is missing geometry components for selection 'DoorsTwin1', check model+config
   ENTITY    (W): Door 'DoorsTwin2' is missing geometry components for selection 'DoorsTwin2', check model+config
  ENTITY       : Load entity type 'Land_Workshop3'
   ENTITY    (W): Door 'DoorsTwin1' is missing geometry components for selection 'DoorsTwin1', check model+config
   ENTITY    (W): Door 'DoorsTwin2' is missing geometry components for selection 'DoorsTwin2', check model+config
  WORLD        : Create entity type 'Land_lamp_city1_amp'
   ENTITY    (E): Type 'HouseType' must be inherited from class 'PASReceiverType'
  ENTITY       : Load entity type 'Land_Workshop1'
   ENTITY    (W): Door 'DoorsTwin1' is missing geometry components for selection 'DoorsTwin1', check model+config
  ENTITY       : Load entity type 'Land_Wall_Gate_FenG_Big'
   ENTITY    (W): Door 'DoorsTwin1' is missing geometry components for selection 'DoorsTwin1', check model+config
  ENTITY       : Load entity type 'Land_Wreck_sed01_aban1_white'
   ENTITY    (W): Door 'Doors3' is missing geometry components for selection 'Doors3', check model+config
  ENTITY       : Load entity type 'Land_Wreck_hb02_aban1_blue'
   ENTITY    (W): Door 'Doors3' is missing geometry components for selection 'Doors3', check model+config
  ENTITY       : Load entity type 'Land_House_2W03_Brown'
   ENTITY    (W): Door 'DoorsTwin1' is missing geometry components for selection 'DoorsTwin1', check model+config
  ENTITY       : Load entity type 'Land_House_2W03'
   ENTITY    (W): Door 'DoorsTwin1' is missing geometry components for selection 'DoorsTwin1', check model+config
  ENTITY       : Load entity type 'Land_Wall_Gate_FenR_Big'
   ENTITY    (W): Door 'DoorsTwin1' is missing geometry components for selection 'DoorsTwin1', check model+config
  ENTITY       : Load entity type 'Land_Wreck_sed02_aban1_yellow'
   ENTITY    (W): Door 'Doors1' is missing geometry components for selection 'Doors1', check model+config
   ENTITY    (W): Door 'Doors2' is missing geometry components for selection 'Doors2', check model+config
   ENTITY    (W): Door 'Doors3' is missing geometry components for selection 'Doors3', check model+config
  ENTITY       : Load entity type 'Land_Wall_Gate_FenR_Big_Open'
   ENTITY    (W): Door 'DoorsTwin1' is missing geometry components for selection 'DoorsTwin1', check model+config
  WORLD        : Create entity type 'Land_power_pole_wood1_lamp_amp'
   ENTITY    (E): Type 'HouseType' must be inherited from class 'PASReceiverType'
  ENTITY       : Load entity type 'Land_Church2_2'
   ENTITY    (W): Door 'DoorsTwin1' is missing geometry components for selection 'DoorsTwin1', check model+config
  ENTITY       : Load entity type 'Land_Wreck_sed01_aban2_wine'
   ENTITY    (W): Door 'Doors3' is missing geometry components for selection 'Doors3', check model+config
  ENTITY       : Load entity type 'Land_Wreck_sed01_aban2_white'
   ENTITY    (W): Door 'Doors3' is missing geometry components for selection 'Doors3', check model+config
  ENTITY       : Load entity type 'Land_Tenement_Small'
   ENTITY    (W): Unknown object class 'thing' (dz\structures\furniture\eletrical_appliances\washing_machine\washing_machine.p3d)
   ENTITY    (W): Unknown object class 'thing' (dz\structures\furniture\eletrical_appliances\washing_machine\washing_machine.p3d)
   ENTITY    (W): Unknown object class 'thing' (dz\structures\furniture\eletrical_appliances\washing_machine\washing_machine.p3d)
   ENTITY    (W): Unknown object class 'thing' (dz\structures\furniture\eletrical_appliances\washing_machine\washing_machine.p3d)
   ENTITY    (W): Unknown object class 'thing' (dz\structures\furniture\eletrical_appliances\washing_machine\washing_machine.p3d)
   ENTITY    (W): Unknown object class 'thing' (dz\structures\furniture\eletrical_appliances\washing_machine\washing_machine.p3d)
   ENTITY    (W): Unknown object class 'thing' (dz\structures\furniture\eletrical_appliances\washing_machine\washing_machine.p3d)
  ENTITY       : Load entity type 'Land_Tenement_Big'
   ENTITY    (W): Unknown object class 'thing' (dz\structures\furniture\eletrical_appliances\washing_machine\washing_machine.p3d)
   ENTITY    (W): Unknown object class 'thing' (dz\structures\furniture\eletrical_appliances\washing_machine\washing_machine.p3d)
   ENTITY    (W): Unknown object class 'thing' (dz\structures\furniture\eletrical_appliances\washing_machine\washing_machine.p3d)
   ENTITY    (W): Unknown object class 'thing' (dz\structures\furniture\eletrical_appliances\washing_machine\washing_machine.p3d)
   ENTITY    (W): Unknown object class 'thing' (dz\structures\furniture\eletrical_appliances\washing_machine\washing_machine.p3d)
   ENTITY    (W): Unknown object class 'thing' (dz\structures\furniture\eletrical_appliances\washing_machine\washing_machine.p3d)
   ENTITY    (W): Unknown object class 'thing' (dz\structures\furniture\eletrical_appliances\washing_machine\washing_machine.p3d)
   ENTITY    (W): Unknown object class 'thing' (dz\structures\furniture\eletrical_appliances\washing_machine\washing_machine.p3d)
   ENTITY    (W): Unknown object class 'thing' (dz\structures\furniture\eletrical_appliances\washing_machine\washing_machine.p3d)
  ENTITY       : Load entity type 'Land_City_Store'
   ENTITY    (W): Door 'DoorsTwin1' is missing geometry components for selection 'DoorsTwin1', check model+config
   ENTITY    (W): Door 'DoorsTwin2' is missing geometry components for selection 'DoorsTwin2', check model+config
   ENTITY    (W): Door 'DoorsTwin3' is missing geometry components for selection 'DoorsTwin3', check model+config
   ENTITY    (W): Door 'DoorsTwin4' is missing geometry components for selection 'DoorsTwin4', check model+config
   ENTITY    (W): Door 'DoorsTwin5' is missing geometry components for selection 'DoorsTwin5', check model+config
  ENTITY       : Load entity type 'Land_Wreck_sed01_aban2_black'
   ENTITY    (W): Door 'Doors3' is missing geometry components for selection 'Doors3', check model+config
  ENTITY       : Load entity type 'Land_Wreck_sed01_aban1_black'
   ENTITY    (W): Door 'Doors3' is missing geometry components for selection 'Doors3', check model+config
  ENTITY       : Load entity type 'Land_Wreck_sed02_aban1_red'
   ENTITY    (W): Door 'Doors1' is missing geometry components for selection 'Doors1', check model+config
   ENTITY    (W): Door 'Doors2' is missing geometry components for selection 'Doors2', check model+config
   ENTITY    (W): Door 'Doors3' is missing geometry components for selection 'Doors3', check model+config
  ENTITY       : Load entity type 'Land_Wreck_hb01_aban1_blue'
   ENTITY    (W): Door 'Doors1' is missing geometry components for selection 'Doors1', check model+config
   ENTITY    (W): Door 'Doors2' is missing geometry components for selection 'Doors2', check model+config
  ENTITY       : Load entity type 'Land_City_School'
   ENTITY    (W): Door 'DoorsTwin1' is missing geometry components for selection 'DoorsTwin1', check model+config
   ENTITY    (W): Door 'DoorsTwin3' is missing geometry components for selection 'DoorsTwin3', check model+config
   ENTITY    (W): Door 'DoorsTwin4' is missing geometry components for selection 'DoorsTwin4', check model+config
   ENTITY    (W): Door 'DoorsTwin5' is missing geometry components for selection 'DoorsTwin5', check model+config
   ENTITY    (W): Door 'DoorsTwin6' is missing geometry components for selection 'DoorsTwin6', check model+config
   ENTITY    (W): Door 'DoorsTwin7' is missing geometry components for selection 'DoorsTwin7', check model+config
   ENTITY    (W): Unknown object class 'thing' (dz\structures\proxy_buildingparts\lightningcond\lightningconductormiddle\lightningconductormiddle.p3d)
   ENTITY    (W): Unknown object class 'thing' (dz\structures\proxy_buildingparts\lightningcond\lightningconductormiddle\lightningconductormiddle.p3d)
   ENTITY    (W): Unknown object class 'thing' (dz\structures\proxy_buildingparts\lightningcond\lightningconductormiddle\lightningconductormiddle.p3d)
   ENTITY    (W): Unknown object class 'thing' (dz\structures\proxy_buildingparts\lightningcond\lightningconductormiddle\lightningconductormiddle.p3d)
   ENTITY    (W): Unknown object class 'thing' (dz\structures\proxy_buildingparts\lightningcond\lightningconductormiddle\lightningconductormiddle.p3d)
   ENTITY    (W): Unknown object class 'thing' (dz\structures\proxy_buildingparts\lightningcond\lightningconductormiddle\lightningconductormiddle.p3d)
   ENTITY    (W): Unknown object class 'thing' (dz\structures\proxy_buildingparts\lightningcond\lightningconductormiddle\lightningconductormiddle.p3d)
   ENTITY    (W): Unknown object class 'thing' (dz\structures\proxy_buildingparts\lightningcond\lightningconductormiddle\lightningconductormiddle.p3d)
   ENTITY    (W): Unknown object class 'thing' (dz\structures\proxy_buildingparts\lightningcond\lightningconductormiddle\lightningconductormiddle.p3d)
   ENTITY    (W): Unknown object class 'thing' (dz\structures\proxy_buildingparts\lightningcond\lightningconductormiddle\lightningconductormiddle.p3d)
   ENTITY    (W): Unknown object class 'thing' (dz\structures\proxy_buildingparts\lightningcond\lightningconductormiddle\lightningconductormiddle.p3d)
   ENTITY    (W): Unknown object class 'thing' (dz\structures\proxy_buildingparts\lightningcond\lightningconductormiddle\lightningconductormiddle.p3d)
   ENTITY    (W): Unknown object class 'thing' (dz\structures\proxy_buildingparts\lightningcond\lightningconductormiddle\lightningconductormiddle.p3d)
   ENTITY    (W): Unknown object class 'thing' (dz\structures\proxy_buildingparts\lightningcond\lightningconductormiddle\lightningconductormiddle.p3d)
   ENTITY    (W): Unknown object class 'thing' (dz\structures\proxy_buildingparts\lightningcond\lightningconductormiddle\lightningconductormiddle.p3d)
   ENTITY    (W): Unknown object class 'thing' (dz\structures\proxy_buildingparts\lightningcond\lightningconductormiddle\lightningconductormiddle.p3d)
   ENTITY    (W): Unknown object class 'thing' (dz\structures\proxy_buildingparts\lightningcond\lightningconductormiddle\lightningconductormiddle.p3d)
   ENTITY    (W): Unknown object class 'thing' (dz\structures\proxy_buildingparts\lightningcond\lightningconductormiddle\lightningconductormiddle.p3d)
   ENTITY    (W): Unknown object class 'thing' (dz\structures\proxy_buildingparts\lightningcond\lightningconductormiddle\lightningconductormiddle.p3d)
   ENTITY    (W): Unknown object class 'thing' (dz\structures\proxy_buildingparts\lightningcond\lightningconductormiddle\lightningconductormiddle.p3d)
   ENTITY    (W): Unknown object class 'thing' (dz\structures\proxy_buildingparts\lightningcond\lightningconductormiddle\lightningconductormiddle.p3d)
   ENTITY    (W): Unknown object class 'thing' (dz\structures\proxy_buildingparts\lightningcond\lightningconductormiddle\lightningconductormiddle.p3d)
   ENTITY    (W): Unknown object class 'thing' (dz\structures\proxy_buildingparts\lightningcond\lightningconductormiddle\lightningconductormiddle.p3d)
   ENTITY    (W): Unknown object class 'thing' (dz\structures\proxy_buildingparts\lightningcond\lightningconductormiddle\lightningconductormiddle.p3d)
   ENTITY    (W): Unknown object class 'thing' (dz\structures\proxy_buildingparts\lightningcond\lightningconductormiddle\lightningconductormiddle.p3d)
   ENTITY    (W): Unknown object class 'thing' (dz\structures\proxy_buildingparts\lightningcond\lightningconductormiddle\lightningconductormiddle.p3d)
   ENTITY    (W): Unknown object class 'thing' (dz\structures\proxy_buildingparts\lightningcond\lightningconductormiddle\lightningconductormiddle.p3d)
   ENTITY    (W): Unknown object class 'thing' (dz\structures\proxy_buildingparts\lightningcond\lightningconductormiddle\lightningconductormiddle.p3d)
   ENTITY    (W): Unknown object class 'thing' (dz\structures\proxy_buildingparts\lightningcond\lightningconductormiddle\lightningconductormiddle.p3d)
   ENTITY    (W): Unknown object class 'thing' (dz\structures\proxy_buildingparts\lightningcond\lightningconductormiddle\lightningconductormiddle.p3d)
   ENTITY    (W): Unknown object class 'thing' (dz\structures\proxy_buildingparts\lightningcond\lightningconductormiddle\lightningconductormiddle.p3d)
   ENTITY    (W): Unknown object class 'thing' (dz\structures\proxy_buildingparts\lightningcond\lightningconductormiddle\lightningconductormiddle.p3d)
   ENTITY    (W): Unknown object class 'thing' (dz\structures\proxy_buildingparts\lightningcond\lightningconductormiddle\lightningconductormiddle.p3d)
   ENTITY    (W): Unknown object class 'thing' (dz\structures\proxy_buildingparts\lightningcond\lightningconductormiddle\lightningconductormiddle.p3d)
   ENTITY    (W): Unknown object class 'thing' (dz\structures\proxy_buildingparts\lightningcond\lightningconductormiddle\lightningconductormiddle.p3d)
   ENTITY    (W): Unknown object class 'thing' (dz\structures\proxy_buildingparts\lightningcond\lightningconductormiddle\lightningconductormiddle.p3d)
   ENTITY    (W): Unknown object class 'thing' (dz\structures\proxy_buildingparts\lightningcond\lightningconductormiddle\lightningconductormiddle.p3d)
   ENTITY    (W): Unknown object class 'thing' (dz\structures\proxy_buildingparts\lightningcond\lightningconductormiddle\lightningconductormiddle.p3d)
   ENTITY    (W): Unknown object class 'thing' (dz\structures\proxy_buildingparts\lightningcond\lightningconductormiddle\lightningconductormiddle.p3d)
   ENTITY    (W): Unknown object class 'thing' (dz\structures\proxy_buildingparts\lightningcond\lightningconductormiddle\lightningconductormiddle.p3d)
   ENTITY    (W): Unknown object class 'thing' (dz\structures\proxy_buildingparts\lightningcond\lightningconductormiddle\lightningconductormiddle.p3d)
   ENTITY    (W): Unknown object class 'thing' (dz\structures\proxy_buildingparts\lightningcond\lightningconductormiddle\lightningconductormiddle.p3d)
   ENTITY    (W): Unknown object class 'thing' (dz\structures\proxy_buildingparts\lightningcond\lightningconductormiddle\lightningconductormiddle.p3d)
   ENTITY    (W): Unknown object class 'thing' (dz\structures\proxy_buildingparts\lightningcond\lightningconductormiddle\lightningconductormiddle.p3d)
   ENTITY    (W): Unknown object class 'thing' (dz\structures\proxy_buildingparts\lightningcond\lightningconductormiddle\lightningconductormiddle.p3d)
   ENTITY    (W): Unknown object class 'thing' (dz\structures\proxy_buildingparts\lightningcond\lightningconductormiddle\lightningconductormiddle.p3d)
   ENTITY    (W): Unknown object class 'thing' (dz\structures\proxy_buildingparts\lightningcond\lightningconductormiddle\lightningconductormiddle.p3d)
   ENTITY    (W): Unknown object class 'thing' (dz\structures\proxy_buildingparts\lightningcond\lightningconductormiddle\lightningconductormiddle.p3d)
   ENTITY    (W): Unknown object class 'thing' (dz\structures\proxy_buildingparts\lightningcond\lightningconductormiddle\lightningconductormiddle.p3d)
   ENTITY    (W): Unknown object class 'thing' (dz\structures\proxy_buildingparts\lightningcond\lightningconductormiddle\lightningconductormiddle.p3d)
   ENTITY    (W): Unknown object class 'thing' (dz\structures\proxy_buildingparts\lightningcond\lightningconductormiddle\lightningconductormiddle.p3d)
  ENTITY       : Load entity type 'Land_Garage_Row_Small'
   ENTITY    (W): Door 'DoorsTwin1' is missing geometry components for selection 'DoorsTwin1', check model+config
   ENTITY    (W): Door 'DoorsTwin2' is missing geometry components for selection 'DoorsTwin2', check model+config
   ENTITY    (W): Door 'DoorsTwin3' is missing geometry components for selection 'DoorsTwin3', check model+config
  ENTITY       : Load entity type 'Land_Wreck_sed02_aban1_grey'
   ENTITY    (W): Door 'Doors1' is missing geometry components for selection 'Doors1', check model+config
   ENTITY    (W): Door 'Doors2' is missing geometry components for selection 'Doors2', check model+config
   ENTITY    (W): Door 'Doors3' is missing geometry components for selection 'Doors3', check model+config
  ENTITY       : Load entity type 'Land_Wreck_hb01_aban1_white'
   ENTITY    (W): Door 'Doors1' is missing geometry components for selection 'Doors1', check model+config
   ENTITY    (W): Door 'Doors2' is missing geometry components for selection 'Doors2', check model+config
  ENTITY       : Load entity type 'Land_Wreck_hb02_aban1_red'
   ENTITY    (W): Door 'Doors3' is missing geometry components for selection 'Doors3', check model+config
  ENTITY       : Load entity type 'Land_Wreck_hb01_aban2_green'
   ENTITY    (W): Door 'Doors1' is missing geometry components for selection 'Doors1', check model+config
   ENTITY    (W): Door 'Doors2' is missing geometry components for selection 'Doors2', check model+config
  ENTITY       : Load entity type 'Land_HouseBlock_1F4'
   ENTITY    (W): Door 'DoorsTwin1' is missing geometry components for selection 'DoorsTwin1', check model+config
  ENTITY       : Load entity type 'Land_HouseBlock_2F8'
   ENTITY    (W): Door 'DoorsTwin1' is missing geometry components for selection 'DoorsTwin1', check model+config
  ENTITY       : Load entity type 'Land_HouseBlock_2F_Corner'
   ENTITY    (W): Door 'DoorsTwin1' is missing geometry components for selection 'DoorsTwin1', check model+config
   ENTITY    (W): Door 'DoorsTwin2' is missing geometry components for selection 'DoorsTwin2', check model+config
  ENTITY       : Load entity type 'Land_House_2W02'
   ENTITY    (W): Door 'DoorsTwin1' is missing geometry components for selection 'DoorsTwin1', check model+config
  ENTITY       : Load entity type 'Land_HouseBlock_2F1'
   ENTITY    (W): Door 'DoorsTwin1' is missing geometry components for selection 'DoorsTwin1', check model+config
   ENTITY    (W): Door 'DoorsTwin2' is missing geometry components for selection 'DoorsTwin2', check model+config
  ENTITY       : Load entity type 'Land_HouseBlock_2F2'
   ENTITY    (W): Door 'DoorsTwin1' is missing geometry components for selection 'DoorsTwin1', check model+config
   ENTITY    (W): Door 'DoorsTwin2' is missing geometry components for selection 'DoorsTwin2', check model+config
   ENTITY    (W): Unknown object class 'thing' (dz\structures\furniture\eletrical_appliances\washing_machine\washing_machine.p3d)
   ENTITY    (W): Unknown object class 'thing' (dz\structures\furniture\eletrical_appliances\washing_machine\washing_machine.p3d)
   ENTITY    (W): Unknown object class 'thing' (dz\structures\furniture\eletrical_appliances\washing_machine\washing_machine.p3d)
  ENTITY       : Load entity type 'Land_Garage_Small'
   ENTITY    (W): Door 'DoorsTwin1' is missing geometry components for selection 'DoorsTwin1', check model+config
  ENTITY       : Load entity type 'Land_HouseBlock_1F1'
   ENTITY    (W): Unknown object class 'thing' (dz\structures\furniture\eletrical_appliances\washing_machine\washing_machine.p3d)
   ENTITY    (W): Unknown object class 'thing' (dz\structures\furniture\eletrical_appliances\washing_machine\washing_machine.p3d)
   ENTITY    (W): Unknown object class 'thing' (dz\structures\furniture\eletrical_appliances\washing_machine\washing_machine.p3d)
  ENTITY       : Load entity type 'Land_House_2W04_Yellow'
   ENTITY    (W): Door 'DoorsTwin1' is missing geometry components for selection 'DoorsTwin1', check model+config
  ENTITY       : Load entity type 'Land_Church3'
   ENTITY    (W): Door 'DoorsTwin1' is missing geometry components for selection 'DoorsTwin1', check model+config
  ENTITY       : Load entity type 'Land_HouseBlock_3F_Corner1'
   ENTITY    (W): Door 'DoorsTwin1' is missing geometry components for selection 'DoorsTwin1', check model+config
   ENTITY    (W): Door 'DoorsTwin2' is missing geometry components for selection 'DoorsTwin2', check model+config
   ENTITY    (W): Unknown object class 'thing' (dz\structures\furniture\eletrical_appliances\washing_machine\washing_machine.p3d)
   ENTITY    (W): Unknown object class 'thing' (dz\structures\furniture\eletrical_appliances\washing_machine\washing_machine.p3d)
   ENTITY    (W): Unknown object class 'thing' (dz\structures\furniture\eletrical_appliances\washing_machine\washing_machine.p3d)
  ENTITY       : Load entity type 'Land_HouseBlock_3F2'
   ENTITY    (W): Door 'DoorsTwin1' is missing geometry components for selection 'DoorsTwin1', check model+config
   ENTITY    (W): Door 'DoorsTwin2' is missing geometry components for selection 'DoorsTwin2', check model+config
  ENTITY       : Load entity type 'Land_Wreck_hb02_aban1_black'
   ENTITY    (W): Door 'Doors3' is missing geometry components for selection 'Doors3', check model+config
  ENTITY       : Load entity type 'Land_HouseBlock_2F6'
   ENTITY    (W): Door 'DoorsTwin1' is missing geometry components for selection 'DoorsTwin1', check model+config
  ENTITY       : Load entity type 'Land_Wreck_sed01_aban1_wine'
   ENTITY    (W): Door 'Doors3' is missing geometry components for selection 'Doors3', check model+config
  ENTITY       : Load entity type 'Land_Workshop4'
   ENTITY    (W): Door 'DoorsTwin1' is missing geometry components for selection 'DoorsTwin1', check model+config
  ENTITY       : Load entity type 'Land_Workshop2'
   ENTITY    (W): Door 'DoorsTwin1' is missing geometry components for selection 'DoorsTwin1', check model+config
  WORLD        : Create entity type 'Land_power_pole_conc4_lamp_amp'
   ENTITY    (E): Type 'HouseType' must be inherited from class 'PASReceiverType'
  ENTITY       : Load entity type 'Land_Wreck_sed02_aban2_red'
   ENTITY    (W): Door 'Doors1' is missing geometry components for selection 'Doors1', check model+config
   ENTITY    (W): Door 'Doors2' is missing geometry components for selection 'Doors2', check model+config
   ENTITY    (W): Door 'Doors3' is missing geometry components for selection 'Doors3', check model+config
  ENTITY       : Load entity type 'Land_HouseBlock_1F3'
   ENTITY    (W): Door 'DoorsTwin1' is missing geometry components for selection 'DoorsTwin1', check model+config
  ENTITY       : Load entity type 'Land_HouseBlock_2F4'
   ENTITY    (W): Door 'DoorsTwin1' is missing geometry components for selection 'DoorsTwin1', check model+config
  ENTITY       : Load entity type 'Land_HouseBlock_2F9'
   ENTITY    (W): Door 'DoorsTwin1' is missing geometry components for selection 'DoorsTwin1', check model+config
  ENTITY       : Load entity type 'Land_Wreck_sed02_aban2_yellow'
   ENTITY    (W): Door 'Doors1' is missing geometry components for selection 'Doors1', check model+config
   ENTITY    (W): Door 'Doors2' is missing geometry components for selection 'Doors2', check model+config
   ENTITY    (W): Door 'Doors3' is missing geometry components for selection 'Doors3', check model+config
  ENTITY       : Load entity type 'Land_Wreck_hb01_aban2_blue'
   ENTITY    (W): Door 'Doors1' is missing geometry components for selection 'Doors1', check model+config
   ENTITY    (W): Door 'Doors2' is missing geometry components for selection 'Doors2', check model+config
  ENTITY       : Load entity type 'Land_Rail_Station_Big'
   ENTITY    (W): Door 'DoorsTwin1' is missing geometry components for selection 'DoorsTwin1', check model+config
  ENTITY       : Load entity type 'Land_Wall_Gate_FenG_Big_Open'
   ENTITY    (W): Door 'DoorsTwin1' is missing geometry components for selection 'DoorsTwin1', check model+config
  ENTITY       : Load entity type 'Land_City_PoliceStation'
   ENTITY    (W): Door 'DoorsTwin1' is missing geometry components for selection 'DoorsTwin1', check model+config
   ENTITY    (W): Door 'DoorsTwin2' is missing geometry components for selection 'DoorsTwin2', check model+config
   ENTITY    (W): Door 'DoorsTwin3' is missing geometry components for selection 'DoorsTwin3', check model+config
  ENTITY       : Load entity type 'Land_Wreck_sed02_aban2_grey'
   ENTITY    (W): Door 'Doors1' is missing geometry components for selection 'Doors1', check model+config
   ENTITY    (W): Door 'Doors2' is missing geometry components for selection 'Doors2', check model+config
   ENTITY    (W): Door 'Doors3' is missing geometry components for selection 'Doors3', check model+config
  ENTITY       : Load entity type 'Land_Garage_Row_Big'
   ENTITY    (W): Door 'DoorsTwin1' is missing geometry components for selection 'DoorsTwin1', check model+config
   ENTITY    (W): Door 'DoorsTwin2' is missing geometry components for selection 'DoorsTwin2', check model+config
   ENTITY    (W): Door 'DoorsTwin3' is missing geometry components for selection 'DoorsTwin3', check model+config
   ENTITY    (W): Door 'DoorsTwin4' is missing geometry components for selection 'DoorsTwin4', check model+config
  ENTITY       : Load entity type 'Land_City_Hospital'
   ENTITY    (W): Door 'DoorsTwin1' is missing geometry components for selection 'DoorsTwin1', check model+config
  ENTITY       : Load entity type 'Land_Container_1Bo'
   ENTITY    (W): Door 'DoorsTwin1' is missing geometry components for selection 'DoorsTwin1', check model+config
   ENTITY    (W): Door 'DoorsTwin2' is missing geometry components for selection 'DoorsTwin2', check model+config
  ENTITY       : Load entity type 'Land_City_Store_WithStairs'
   ENTITY    (W): Door 'DoorsTwin1' is missing geometry components for selection 'DoorsTwin1', check model+config
   ENTITY    (W): Door 'DoorsTwin2' is missing geometry components for selection 'DoorsTwin2', check model+config
   ENTITY    (W): Door 'DoorsTwin3' is missing geometry components for selection 'DoorsTwin3', check model+config
   ENTITY    (W): Door 'DoorsTwin4' is missing geometry components for selection 'DoorsTwin4', check model+config
   ENTITY    (W): Door 'DoorsTwin5' is missing geometry components for selection 'DoorsTwin5', check model+config
  ENTITY       : Load entity type 'Land_House_2W04'
   ENTITY    (W): Door 'DoorsTwin1' is missing geometry components for selection 'DoorsTwin1', check model+config
  ENTITY       : Load entity type 'Land_Office2'
   ENTITY    (W): Door 'DoorsTwin1' is missing geometry components for selection 'DoorsTwin1', check model+config
   ENTITY    (W): Door 'DoorsTwin2' is missing geometry components for selection 'DoorsTwin2', check model+config
   ENTITY    (W): Door 'DoorsTwin3' is missing geometry components for selection 'DoorsTwin3', check model+config
   ENTITY    (W): Door 'DoorsTwin4' is missing geometry components for selection 'DoorsTwin4', check model+config
   ENTITY    (W): Door 'DoorsTwin5' is missing geometry components for selection 'DoorsTwin5', check model+config
  ENTITY    (W): Unknown object class 'pond' (dz\water\ponds\pond_50x50.p3d)
  ENTITY       : Load entity type 'Land_House_1W12_Brown'
   ENTITY    (W): Unknown object class 'thing' (dz\structures\furniture\eletrical_appliances\washing_machine\washing_machine.p3d)
   ENTITY    (W): Unknown object class 'thing' (dz\structures\furniture\eletrical_appliances\washing_machine\washing_machine.p3d)
   ENTITY    (W): Unknown object class 'thing' (dz\structures\furniture\eletrical_appliances\washing_machine\washing_machine.p3d)
  ENTITY       : Load entity type 'Land_House_1W08_Brown'
   ENTITY    (W): Unknown object class 'thing' (dz\structures\furniture\eletrical_appliances\washing_machine\washing_machine.p3d)
   ENTITY    (W): Unknown object class 'thing' (dz\structures\furniture\eletrical_appliances\washing_machine\washing_machine.p3d)
   ENTITY    (W): Unknown object class 'thing' (dz\structures\furniture\eletrical_appliances\washing_machine\washing_machine.p3d)
  ENTITY       : Load entity type 'Land_Wreck_hb01_aban2_white'
   ENTITY    (W): Door 'Doors1' is missing geometry components for selection 'Doors1', check model+config
   ENTITY    (W): Door 'Doors2' is missing geometry components for selection 'Doors2', check model+config
  ENTITY       : Load entity type 'Land_Office1'
   ENTITY    (W): Door 'DoorsTwin1' is missing geometry components for selection 'DoorsTwin1', check model+config
   ENTITY    (W): Door 'DoorsTwin2' is missing geometry components for selection 'DoorsTwin2', check model+config
   ENTITY    (W): Door 'DoorsTwin3' is missing geometry components for selection 'DoorsTwin3', check model+config
   ENTITY    (W): Door 'DoorsTwin4' is missing geometry components for selection 'DoorsTwin4', check model+config
   ENTITY    (W): Door 'DoorsTwin5' is missing geometry components for selection 'DoorsTwin5', check model+config
   ENTITY    (W): Door 'DoorsTwin6' is missing geometry components for selection 'DoorsTwin6', check model+config
   ENTITY    (W): Door 'DoorsTwin7' is missing geometry components for selection 'DoorsTwin7', check model+config
  ENTITY       : Load entity type 'Land_Workshop5'
   ENTITY    (W): Door 'DoorsTwin1' is missing geometry components for selection 'DoorsTwin1', check model+config
  ENTITY       : Load entity type 'Land_Factory_Small'
   ENTITY    (W): Door 'DoorsTwin1' is missing geometry components for selection 'DoorsTwin1', check model+config
   ENTITY    (W): Door 'DoorsTwin2' is missing geometry components for selection 'DoorsTwin2', check model+config
  ENTITY       : Load entity type 'Land_Wreck_hb01_aban1_green'
   ENTITY    (W): Door 'Doors1' is missing geometry components for selection 'Doors1', check model+config
   ENTITY    (W): Door 'Doors2' is missing geometry components for selection 'Doors2', check model+config
  ENTITY       : Load entity type 'Land_Mil_Barracks3'
   ENTITY    (W): Door 'DoorsTwin1' is missing geometry components for selection 'DoorsTwin1', check model+config
  ENTITY       : Load entity type 'Land_wreck_truck01_aban2_firetruck'
   ENTITY    (W): Door 'Doors2' is missing geometry components for selection 'Doors2', check model+config
   ENTITY    (W): Door 'DoorsTwin1' is missing geometry components for selection 'DoorsTwin1', check model+config
   ENTITY    (W): Door 'Doors5' is missing geometry components for selection 'Doors5', check model+config
   ENTITY    (W): Door 'Doors6' is missing geometry components for selection 'Doors6', check model+config
   ENTITY    (W): Door 'Doors7' is missing geometry components for selection 'Doors7', check model+config
   ENTITY    (W): Door 'Doors8' is missing geometry components for selection 'Doors8', check model+config
   ENTITY    (W): Door 'Doors9' is missing geometry components for selection 'Doors9', check model+config
  ENTITY       : Load entity type 'Land_wreck_truck01_aban1_firetruck'
   ENTITY    (W): Door 'Doors2' is missing geometry components for selection 'Doors2', check model+config
   ENTITY    (W): Door 'DoorsTwin1' is missing geometry components for selection 'DoorsTwin1', check model+config
   ENTITY    (W): Door 'Doors5' is missing geometry components for selection 'Doors5', check model+config
   ENTITY    (W): Door 'Doors6' is missing geometry components for selection 'Doors6', check model+config
   ENTITY    (W): Door 'Doors7' is missing geometry components for selection 'Doors7', check model+config
   ENTITY    (W): Door 'Doors8' is missing geometry components for selection 'Doors8', check model+config
   ENTITY    (W): Door 'Doors9' is missing geometry components for selection 'Doors9', check model+config
  ENTITY       : Load entity type 'Land_Container_1Moh'
   ENTITY    (W): Door 'DoorsTwin1' is missing geometry components for selection 'DoorsTwin1', check model+config
  ENTITY       : Load entity type 'Land_Rail_Warehouse_Small'
   ENTITY    (W): Door 'DoorsTwin1' is missing geometry components for selection 'DoorsTwin1', check model+config
   ENTITY    (W): Door 'DoorsTwin2' is missing geometry components for selection 'DoorsTwin2', check model+config
  ENTITY       : Load entity type 'Land_Container_1Aoh'
   ENTITY    (W): Door 'DoorsTwin1' is missing geometry components for selection 'DoorsTwin1', check model+config
  ENTITY       : Load entity type 'Land_Village_HealthCare'
   ENTITY    (W): Door 'DoorsTwin1' is missing geometry components for selection 'DoorsTwin1', check model+config
   ENTITY    (W): Door 'DoorsTwin2' is missing geometry components for selection 'DoorsTwin2', check model+config
  ENTITY    (W): Unknown object class 'pond' (dz\water\ponds\pond_big_38_01.p3d)
  ENTITY    (W): Unknown object class 'pond' (dz\water\ponds\pond_big_38_02.p3d)
  ENTITY       : Load entity type 'Land_Farm_CowshedA'
   ENTITY    (W): Door 'DoorsTwin1' is missing geometry components for selection 'DoorsTwin1', check model+config
   ENTITY    (W): Door 'DoorsTwin2' is missing geometry components for selection 'DoorsTwin2', check model+config
  ENTITY       : Load entity type 'Land_Farm_CowshedC'
   ENTITY    (W): Door 'DoorsTwin1' is missing geometry components for selection 'DoorsTwin1', check model+config
  ENTITY       : Load entity type 'Land_CementWorks_Hall2_Brick'
   ENTITY    (W): Door 'DoorsTwin1' is missing geometry components for selection 'DoorsTwin1', check model+config
  ENTITY       : Load entity type 'Land_Wreck_offroad02_aban2'
   ENTITY    (W): Door 'Doors3' is missing geometry components for selection 'Doors3', check model+config
  ENTITY       : Load entity type 'Land_Mil_Airfield_HQ'
   ENTITY    (W): Door 'DoorsTwin1' is missing geometry components for selection 'DoorsTwin1', check model+config
  ENTITY       : Load entity type 'Land_Mil_Barracks1'
   ENTITY    (W): Door 'DoorsTwin1' is missing geometry components for selection 'DoorsTwin1', check model+config
  ENTITY    (W): Unknown object class 'pond' (dz\water\ponds\pond_small_06.p3d)
  WORLD        : Create entity type 'Land_radio_panelbig'
   ENTITY    (E): Type 'HouseType' must be inherited from class 'StaticTransmitterType'
  ENTITY       : Load entity type 'Land_Radio_building'
   ENTITY    (W): Door 'DoorsTwin1' is missing geometry components for selection 'DoorsTwin1', check model+config
  ENTITY    (W): Unknown object class 'pond' (dz\water\ponds\pond_50x50.p3d)
  ENTITY    (W): Unknown object class 'pond' (dz\water\ponds\pond_50x50.p3d)
  ENTITY    (W): Unknown object class 'pond' (dz\water\ponds\pond_50x50.p3d)
  ENTITY       : Load entity type 'Land_Garage_Big'
   ENTITY    (W): Door 'DoorsTwin1' is missing geometry components for selection 'DoorsTwin1', check model+config
  ENTITY       : Load entity type 'Land_Tisy_HQ'
   ENTITY    (W): Door 'DoorsTwin1' is missing geometry components for selection 'DoorsTwin1', check model+config
  ENTITY    (W): Unknown object class 'pond' (dz\water\ponds\pond_small_20.p3d)
  ENTITY    (W): Unknown object class 'pond' (dz\water\ponds\pond_small_02.p3d)
  ENTITY       : Load entity type 'Land_HouseBlock_5F'
   ENTITY    (W): Door 'DoorsTwin1' is missing geometry components for selection 'DoorsTwin1', check model+config
  ENTITY       : Load entity type 'Land_Office_Municipal2'
   ENTITY    (W): Door 'DoorsTwin1' is missing geometry components for selection 'DoorsTwin1', check model+config
 SCRIPT    (W): @"VanillaPPMap/5_Mission/gui\vppmapmenu.c,3": FIX-ME: Unexpected statement 'ref'
 SCRIPT    (W): @"VanillaPPMap/5_Mission/gui\vppmapmenu.c,4": FIX-ME: Unexpected statement 'ref'
 SCRIPT    (W): @"VanillaPPMap/5_Mission/gui\vppmapmenu.c,5": FIX-ME: Unexpected statement 'ref'
 SCRIPT    (W): @"VanillaPPMap/5_Mission/missionserver.c,12": FIX-ME: Method argument can't be strong reference
 SCRIPT    (W): @"VanillaPPMap/5_Mission/missionserver.c,12": FIX-ME: Method argument can't be strong reference
 SCRIPT    (W): @"VanillaPPMap/5_Mission/missionserver.c,12": FIX-ME: Method argument can't be strong reference
 SCRIPT    (W): @"VanillaPPMap/5_Mission/missionserver.c,17": FIX-ME: Method argument can't be strong reference
 SCRIPT    (W): @"VanillaPPMap/5_Mission/missionserver.c,17": FIX-ME: Method argument can't be strong reference
 SCRIPT    (W): @"VanillaPPMap/5_Mission/missionserver.c,17": FIX-ME: Method argument can't be strong reference
 SCRIPT    (W): @"VanillaPPMap/5_Mission/missionserver.c,22": FIX-ME: Method argument can't be strong reference
 SCRIPT    (W): @"VanillaPPMap/5_Mission/missionserver.c,22": FIX-ME: Method argument can't be strong reference
 SCRIPT    (W): @"VanillaPPMap/5_Mission/missionserver.c,22": FIX-ME: Method argument can't be strong reference
 SCRIPT    (W): @"VanillaPPMap/5_Mission/missionserver.c,37": FIX-ME: Method argument can't be strong reference
 SCRIPT    (W): @"VanillaPPMap/5_Mission/missionserver.c,37": FIX-ME: Method argument can't be strong reference
 SCRIPT    (W): @"VanillaPPMap/5_Mission/missionserver.c,37": FIX-ME: Method argument can't be strong reference
 SCRIPT    (W): @"VanillaPPMap/5_Mission/missiongameplay.c,21": FIX-ME: Method argument can't be strong reference
 SCRIPT    (W): @"VanillaPPMap/5_Mission/missiongameplay.c,21": FIX-ME: Method argument can't be strong reference
 SCRIPT    (W): @"VanillaPPMap/5_Mission/missiongameplay.c,21": FIX-ME: Method argument can't be strong reference
 SCRIPT    (W): @"VanillaPPMap/5_Mission/missiongameplay.c,29": FIX-ME: Method argument can't be strong reference
 SCRIPT    (W): @"VanillaPPMap/5_Mission/missiongameplay.c,29": FIX-ME: Method argument can't be strong reference
 SCRIPT    (W): @"VanillaPPMap/5_Mission/missiongameplay.c,29": FIX-ME: Method argument can't be strong reference
 SCRIPT    (W): @"VanillaPPMap/5_Mission/missiongameplay.c,37": FIX-ME: Method argument can't be strong reference
 SCRIPT    (W): @"VanillaPPMap/5_Mission/missiongameplay.c,37": FIX-ME: Method argument can't be strong reference
 SCRIPT    (W): @"VanillaPPMap/5_Mission/missiongameplay.c,37": FIX-ME: Method argument can't be strong reference
 SCRIPT    (W): @"VanillaPPMap/5_Mission/missiongameplay.c,45": FIX-ME: Method argument can't be strong reference
 SCRIPT    (W): @"VanillaPPMap/5_Mission/missiongameplay.c,45": FIX-ME: Method argument can't be strong reference
 SCRIPT    (W): @"VanillaPPMap/5_Mission/missiongameplay.c,45": FIX-ME: Method argument can't be strong reference
 SCRIPT    (W): @"VanillaPPMap/5_Mission/gui\vppmapmenu.c,161": FIX-ME: Method argument can't be strong reference
 SCRIPT    (W): @"VanillaPPMap/5_Mission/gui\markerslistadapter.c,245": FIX-ME: Method argument can't be strong reference
 SCRIPT    (W): @"VanillaPPMap/5_Mission/gui\markerslistadapter.c,249": FIX-ME: Method argument can't be strong reference
WORLD        : Create entity type 'ExpansionP2PTraderAIIrena'
 MATERIAL  (E): Object dz/characters/bodies/player_testing.xob - cannot load material cross_red.emat
ENTITY    (W): Unknown object class 'pond' (dz\water\ponds\pond_big_44.p3d)
