---------------------------------------------
Log /home/rechenplan/DayZProjects/ShadowsOfChernarus/profiles/script_2026-09-22_18-05-05.log started at 22.09. 18:05:05

SCRIPT       : Module: GameLib; loaded 44x files; 29x classes; used 41/2097 kB (1%) of static memory; defines: "DAYZ_1_29,SERVER_FOR_WINDOWS,SERVER,PLATFORM_LINUX,RELEASE,NO_GUI,NO_GUI_INGAME,BF_Define,DayzDogDefines,DZ_Expansion_AI_Preload,DZ_Expansion_B
SCRIPT       : Registered 447 temporary action enum(s), UAN==447
SCRIPT    (W): @"BaseBuildingPlus/scripts/3_Game/bbpconfig.c,143": FIX-ME: Unexpected statement 'ref'
SCRIPT    (W): @"VanillaPPMap/3_Game/vanillaplusplus.c,36": FIX-ME: Method argument can't be strong reference
SCRIPT    (W): @"VanillaPPMap/3_Game/vanillaplusplus.c,106": FIX-ME: Method argument can't be strong reference
SCRIPT    (W): @"VanillaPPMap/3_Game/vanillaplusplus.c,118": FIX-ME: Method argument can't be strong reference
SCRIPT    (W): @"VanillaPPMap/3_Game/vanillaplusplus.c,134": FIX-ME: Method argument can't be strong reference
SCRIPT    (W): @"VanillaPPMap/3_Game/json\models\markerscacheinterface.c,5": FIX-ME: Method argument can't be strong reference
SCRIPT    (W): @"VanillaPPMap/3_Game/json\models\markerscacheinterface.c,7": FIX-ME: Method argument can't be strong reference
SCRIPT    (W): @"VanillaPPMap/3_Game/json\models\mapmarkerscache.c,26": FIX-ME: Method argument can't be strong reference
SCRIPT    (W): @"VanillaPPMap/3_Game/json\models\mapmarkerscache.c,46": FIX-ME: Method argument can't be strong reference
SCRIPT    (W): @"VanillaPPMap/3_Game/json\models\vppmapconfig.c,11": FIX-ME: Method argument can't be strong reference
SCRIPT    (W): @"VanillaPPMap/3_Game/json\clientmarkerscache.c,15": FIX-ME: Method argument can't be strong reference
SCRIPT       : Initializing attributes 'Game'
 SCRIPT       : Registering faction type eAIFactionShamans ID -1484989417
 SCRIPT       : Registering faction type eAIFactionObservers ID -563736721
 SCRIPT       : Registering faction type eAIFactionInvincibleObservers ID -1227299746
 SCRIPT       : Registering faction type eAIFactionRaiders ID 1535276022
 SCRIPT       : Registering faction type eAIFactionYeetBrigade ID 1408543989
 SCRIPT       : Registering faction type eAIFactionWest ID 113880155
 SCRIPT       : Registering faction type eAIFactionInvincibleYeetBrigade ID -1118767876
 SCRIPT       : Registering faction type eAIFactionEast ID 90522109
 SCRIPT       : Registering faction type eAIFactionGuards ID 963933710
 SCRIPT       : Registering faction type eAIFactionMercenaries ID 1629891834
 SCRIPT       : Registering faction type eAIFactionBrawlers ID 1955753718
 SCRIPT       : Registering faction type eAIFactionCivilian ID 1096178351
 SCRIPT       : Registering faction type eAIFactionPassive ID -1159399789
 SCRIPT       : Registering faction type eAIFactionInvincibleGuards ID 782746017
SCRIPT       : Module: Game; loaded 1168x files; 2964x classes; used 8568/33554 kB (25%) of static memory; defines: "DAYZ_1_29,SERVER_FOR_WINDOWS,SERVER,PLATFORM_LINUX,RELEASE,NO_GUI,NO_GUI_INGAME,BF_Define,DayzDogDefines,DZ_Expansion_AI_Preload,DZ_Expans
SCRIPT       : ... Backlit Effects Enabled
SCRIPT       : DZM_Projects Map! by DaOne
SCRIPT       : 18:05:08.000 [EXPANSION LOG]: DayZGame<0x000000004C26A7B0> Start time (local time) 2026-09-22 18:05:01
SCRIPT       : 18:05:08.000 [EXPANSION LOG]: DayZGame<0x000000004C26A7B0> Start time (UTC) 2026-09-22 22:05:01
SCRIPT       : 18:05:08.000 [EXPANSION LOG]: DayZGame<0x000000004C26A7B0> Runtime since start (seconds) 7.309
SCRIPT    (W): @"TM/Trader/scripts/4_World/wallet.c,9": Missing ';' at the end of line
SCRIPT    (W): @"TM/Trader/scripts/4_World/entities\manbase\playerbase.c,22": FIX-ME: Overriding function 'IsInSafeZone' but not marked as 'override'
SCRIPT    (W): @"RFFSHeli_Core/scripts/4_World/rffsheli_core.c,2343": 'OnBeforeSwitchLights' is obsolete: no replacement
SCRIPT    (W): @"UndergroundBases/scripts/4_World/undergroundhatch.c,345": FIX-ME: Overriding function 'FoldBaseBuildingObject' but not marked as 'override'
SCRIPT    (W): @"UndergroundBases/scripts/4_World/undergroundhatch.c,360": FIX-ME: Overriding function 'CreateConstructionKit' but not marked as 'override'
SCRIPT    (W): @"UndergroundBases/scripts/4_World/undergroundhatch.c,3": FIX-ME: Overriding function 'BaseClassName' but not marked as 'override'
SCRIPT    (W): @"UndergroundBases/scripts/4_World/undergroundhatch.c,9": FIX-ME: Overriding function 'BaseClassName' but not marked as 'override'
SCRIPT    (W): @"TM/Trader/scripts/4_World/entities\dayzplayerimplement.c,151": FIX-ME: Unsafe down-casting, use 'PlayerBase.Cast' for safe down-casting
SCRIPT    (W): @"RFFSHeli_Core/scripts/4_World/actions\actiongetouttransport.c,64": FIX-ME: Unsafe down-casting, use 'RFFSHeli_base.Cast' for safe down-casting
SCRIPT    (W): @"RFFSHeli_Core/scripts/4_World/playerbase.c,16": FIX-ME: Unsafe down-casting, use 'Object.Cast' for safe down-casting
SCRIPT    (W): @"RFFSHeli_Core/scripts/4_World/playerbase.c,217": FIX-ME: Unsafe down-casting, use 'Object.Cast' for safe down-casting
SCRIPT    (W): @"RFFSHeli_Core/scripts/4_World/rffsheli_core.c,2276": FIX-ME: Unsafe down-casting, use 'ItemBase.Cast' for safe down-casting
SCRIPT    (W): @"RFFSHeli_Core/scripts/4_World/rffsheli_core.c,2381": FIX-ME: Unsafe down-casting, use 'ItemBase.Cast' for safe down-casting
SCRIPT       : Initializing attributes 'World'
 SCRIPT       : Registering faction type eAIFactionLunatics ID 1167351711
 SCRIPT       : Registering faction type eAIFactionInfected ID 1371958374
SCRIPT       : Module: World; loaded 3879x files; 9095x classes; used 18656/33554 kB (55%) of static memory; defines: "DAYZ_1_29,SERVER_FOR_WINDOWS,SERVER,PLATFORM_LINUX,RELEASE,NO_GUI,NO_GUI_INGAME,BF_Define,DayzDogDefines,DZ_Expansion_AI_Preload,DZ_Expa
 SCRIPT    (W): @"VanillaPPMap/5_Mission/gui\vppmapmenu.c,3": FIX-ME: Unexpected statement 'ref'
 SCRIPT    (W): @"VanillaPPMap/5_Mission/gui\vppmapmenu.c,4": FIX-ME: Unexpected statement 'ref'
 SCRIPT    (W): @"VanillaPPMap/5_Mission/gui\vppmapmenu.c,5": FIX-ME: Unexpected statement 'ref'
 SCRIPT    (W): @"VanillaPPMap/5_Mission/missionserver.c,12": FIX-ME: Method argument can't be strong reference
 SCRIPT    (W): @"VanillaPPMap/5_Mission/missionserver.c,12": FIX-ME: Method argument can't be strong reference
 SCRIPT    (W): @"VanillaPPMap/5_Mission/missionserver.c,12": FIX-ME: Method argument can't be strong reference
 SCRIPT    (W): @"VanillaPPMap/5_Mission/missionserver.c,17": FIX-ME: Method argument can't be strong reference
 SCRIPT    (W): @"VanillaPPMap/5_Mission/missionserver.c,17": FIX-ME: Method argument can't be strong reference
 SCRIPT    (W): @"VanillaPPMap/5_Mission/missionserver.c,17": FIX-ME: Method argument can't be strong reference
 SCRIPT    (W): @"VanillaPPMap/5_Mission/missionserver.c,22": FIX-ME: Method argument can't be strong reference
 SCRIPT    (W): @"VanillaPPMap/5_Mission/missionserver.c,22": FIX-ME: Method argument can't be strong reference
 SCRIPT    (W): @"VanillaPPMap/5_Mission/missionserver.c,22": FIX-ME: Method argument can't be strong reference
 SCRIPT    (W): @"VanillaPPMap/5_Mission/missionserver.c,37": FIX-ME: Method argument can't be strong reference
 SCRIPT    (W): @"VanillaPPMap/5_Mission/missionserver.c,37": FIX-ME: Method argument can't be strong reference
 SCRIPT    (W): @"VanillaPPMap/5_Mission/missionserver.c,37": FIX-ME: Method argument can't be strong reference
 SCRIPT    (W): @"VanillaPPMap/5_Mission/missiongameplay.c,21": FIX-ME: Method argument can't be strong reference
 SCRIPT    (W): @"VanillaPPMap/5_Mission/missiongameplay.c,21": FIX-ME: Method argument can't be strong reference
 SCRIPT    (W): @"VanillaPPMap/5_Mission/missiongameplay.c,21": FIX-ME: Method argument can't be strong reference
 SCRIPT    (W): @"VanillaPPMap/5_Mission/missiongameplay.c,29": FIX-ME: Method argument can't be strong reference
 SCRIPT    (W): @"VanillaPPMap/5_Mission/missiongameplay.c,29": FIX-ME: Method argument can't be strong reference
 SCRIPT    (W): @"VanillaPPMap/5_Mission/missiongameplay.c,29": FIX-ME: Method argument can't be strong reference
 SCRIPT    (W): @"VanillaPPMap/5_Mission/missiongameplay.c,37": FIX-ME: Method argument can't be strong reference
 SCRIPT    (W): @"VanillaPPMap/5_Mission/missiongameplay.c,37": FIX-ME: Method argument can't be strong reference
 SCRIPT    (W): @"VanillaPPMap/5_Mission/missiongameplay.c,37": FIX-ME: Method argument can't be strong reference
 SCRIPT    (W): @"VanillaPPMap/5_Mission/missiongameplay.c,45": FIX-ME: Method argument can't be strong reference
 SCRIPT    (W): @"VanillaPPMap/5_Mission/missiongameplay.c,45": FIX-ME: Method argument can't be strong reference
 SCRIPT    (W): @"VanillaPPMap/5_Mission/missiongameplay.c,45": FIX-ME: Method argument can't be strong reference
 SCRIPT    (W): @"VanillaPPMap/5_Mission/gui\vppmapmenu.c,161": FIX-ME: Method argument can't be strong reference
 SCRIPT    (W): @"VanillaPPMap/5_Mission/gui\markerslistadapter.c,245": FIX-ME: Method argument can't be strong reference
 SCRIPT    (W): @"VanillaPPMap/5_Mission/gui\markerslistadapter.c,249": FIX-ME: Method argument can't be strong reference
 SCRIPT       : Module: Mission; loaded 706x files; 1648x classes; used 7815/33554 kB (23%) of static memory; defines: "DAYZ_1_29,SERVER_FOR_WINDOWS,SERVER,PLATFORM_LINUX,RELEASE,NO_GUI,NO_GUI_INGAME,BF_Define,DayzDogDefines,DZ_Expansion_AI_Preload,DZ_Exp
 SCRIPT       : Creating Mission: /home/rechenplan/DayZProjects/ShadowsOfChernarus/mpmissions/dayzOffline.chernarusplus/mission.c
 SCRIPT       : Initializing plugin: PluginTraderServerLog<0x000000009F704110>
 SCRIPT       : Initializing plugin: PluginTraderTradesLog<0x000000009F211AA0>
 SCRIPT       : 18:05:30.858 [WARNING] No hostname set in '/home/rechenplan/dayzprojects/shadowsofchernarus/config/dayz.cfg', server name in Discord webhook messages will be empty
 SCRIPT       : 18:05:30.931 [EXPANSION DEBUG]: [ExpansionCoreSettings] No existing setting file:$profile:ExpansionMod\Settings\CoreSettings.json. Creating defaults!
 SCRIPT       : [ExpansionCoreSettings] Saving settings
 SCRIPT       : 18:05:30.931 [EXPANSION DEBUG]: [ExpansionLogSettings] No existing setting file:$profile:ExpansionMod\Settings\LogsSettings.json. Creating defaults!
 SCRIPT       : [ExpansionLogSettings] Saving settings
 SCRIPT       : 18:05:30.931 [EXPANSION DEBUG]: [ExpansionSafeZoneSettings] No existing setting file:$mission:expansion\settings\SafeZoneSettings.json. Creating defaults!
 SCRIPT       : [ExpansionSafeZoneSettings] Saving settings
 SCRIPT       : 18:05:30.931 [EXPANSION DEBUG]: [ExpansionNotificationSettings] No existing setting file:$profile:ExpansionMod\Settings\NotificationSettings.json. Creating defaults!
 SCRIPT       : [ExpansionNotificationSettings] Saving settings
 SCRIPT       : 18:05:30.931 [EXPANSION DEBUG]: [ExpansionMonitoringSettings] No existing setting file:$profile:ExpansionMod\Settings\MonitoringSettings.json. Creating defaults!
 SCRIPT       : [ExpansionMonitoringSettings] Saving settings
 SCRIPT       : 18:05:30.931 [EXPANSION DEBUG]: [ExpansionDamageSystemSettings] No existing setting file:$profile:ExpansionMod\Settings\DamageSystemSettings.json. Creating defaults!
 SCRIPT       : 18:05:30.931 [EXPANSION DEBUG]: [ExpansionPartySettings] No existing setting file:$profile:ExpansionMod\Settings\PartySettings.json. Creating defaults!
 SCRIPT       : [ExpansionPartySettings] Saving settings
 SCRIPT       : 18:05:30.931 [EXPANSION DEBUG]: [ExpansionHardlineSettings] No existing setting file:$mission:expansion\settings\HardlineSettings.json. Creating defaults!
 SCRIPT       : [ExpansionHardlineSettings] Saving settings
 SCRIPT       : 18:05:30.934 [EXPANSION DEBUG]: [ExpansionMarketSettings] No existing setting files:$mission:expansion\settings\MarketSettings.json. Creating defaults!
 SCRIPT       : 18:05:30.934 [EXPANSION DEBUG]: [ExpansionMarketSettings] No existing market category setting files at:$profile:ExpansionMod\Market\. Creating defaults!
 SCRIPT       : 18:05:31.027 [EXPANSION DEBUG]: [ExpansionMarketSettings] No existing trader setting files at:$profile:ExpansionMod\Traders\. Creating defaults!
 SCRIPT       : 18:05:31.075 [EXPANSION DEBUG]: [ExpansionMarketSettings] No existing market zone setting files at:$mission:expansion\traderzones\. Creating defaults!
 SCRIPT       : [ExpansionMarketSettings] Saving settings
 SCRIPT       : 18:05:31.075 [EXPANSION DEBUG]: [ExpansionAirdropSettings] No existing setting file:$profile:ExpansionMod\Settings\AirdropSettings.json. Creating defaults!
 SCRIPT       : [ExpansionAirdropSettings] Saving settings
 SCRIPT       : 18:05:31.077 [EXPANSION DEBUG]: [ExpansionMissionSettings] No existing setting file:$profile:ExpansionMod\Settings\MissionSettings.json. Creating defaults!
 SCRIPT       : [ExpansionMissionSettings] Saving settings
 SCRIPT       : 18:05:31.078 [EXPANSION DEBUG]: [ExpansionMapSettings] No existing setting file:$mission:expansion\settings\MapSettings.json. Creating defaults!
 SCRIPT       : [ExpansionMapSettings] Saving settings
 SCRIPT       : 18:05:31.078 [EXPANSION DEBUG]: [ExpansionPersonalStorageNewSettings] No existing setting file:$profile:ExpansionMod\Settings\PersonalStorageNewSettings.json. Creating defaults!
 SCRIPT       : [ExpansionPersonalStorageNewSettings] Saving settings
 SCRIPT       : 18:05:31.078 [EXPANSION DEBUG]: [ExpansionGeneralSettings] No existing setting file:$profile:ExpansionMod\Settings\GeneralSettings.json. Creating defaults!
 SCRIPT       : [ExpansionGeneralSettings] Saving settings
 SCRIPT       : 18:05:31.079 [EXPANSION DEBUG]: [ExpansionPlayerListSettings] No existing setting file:$profile:ExpansionMod\Settings\PlayerListSettings.json. Creating defaults!
 SCRIPT       : [ExpansionPlayerListSettings] Saving settings
 SCRIPT       : 18:05:31.079 [EXPANSION DEBUG]: [ExpansionSocialMediaSettings] No existing setting file:$profile:ExpansionMod\Settings\SocialMediaSettings.json. Creating defaults!
 SCRIPT       : [ExpansionSocialMediaSettings] Saving settings
 SCRIPT       : 18:05:31.079 [EXPANSION DEBUG]: [ExpansionTerritorySettings] No existing setting file:$mission:expansion\settings\SpawnSettings.json. Creating defaults!
 SCRIPT       : [ExpansionSpawnSettings] Saving settings
 SCRIPT       : 18:05:31.079 [EXPANSION DEBUG]: [ExpansionVehicleSettings] No existing setting file:$profile:ExpansionMod\Settings\VehicleSettings.json. Creating defaults!
 SCRIPT       : [ExpansionVehicleSettings] Saving settings
 SCRIPT       : 18:05:31.079 [EXPANSION DEBUG]: ExpansionAILocationSettings<0x000000009FB4B6C0> No existing setting file:$mission:expansion\settings\AILocationSettings.json. Creating defaults!
 SCRIPT       : 18:05:31.094 [EXPANSION DEBUG]: [ExpansionAISettings] No existing setting file:$profile:ExpansionMod\Settings\AISettings.json. Creating defaults!
 SCRIPT       : [ExpansionAISettings] Saving settings
 SCRIPT       : 18:05:31.094 [EXPANSION DEBUG]: [ExpansionAIPatrolSettings] No existing setting file:$mission:expansion\settings\AIPatrolSettings.json. Creating defaults!
 SCRIPT       : [ExpansionAIPatrolSettings] Saving settings
 SCRIPT       : 18:05:31.132 [EXPANSION DEBUG]: [ExpansionBaseBuildingSettings] No existing setting file:$mission:expansion\settings\BaseBuildingSettings.json. Creating defaults!
 SCRIPT       : [ExpansionBaseBuildingSettings] Saving settings
 SCRIPT       : 18:05:31.132 [EXPANSION DEBUG]: [ExpansionRaidSettings] No existing setting file:$profile:ExpansionMod\Settings\RaidSettings.json. Creating defaults!
 SCRIPT       : [ExpansionRaidSettings] Saving settings
 SCRIPT       : 18:05:31.132 [EXPANSION DEBUG]: [ExpansionTerritorySettings] No existing setting file:$profile:ExpansionMod\Settings\TerritorySettings.json. Creating defaults!
 SCRIPT       : [ExpansionTerritorySettings] Saving settings
 SCRIPT       : 18:05:31.133 [EXPANSION DEBUG]: [ExpansionChatSettings] No existing setting file:$profile:ExpansionMod\Settings\ChatSettings.json. Creating defaults!
 SCRIPT       : [ExpansionChatSettings] Saving settings
 SCRIPT       : Expansion version: 1.9.73
 SCRIPT       : [DefineTest] EXPANSIONMOD is defined
 SCRIPT       : [DefineTest] EXPANSIONMODAI is defined
 SCRIPT       : [DefineTest] EXPANSIONMODBASEBUILDING is defined
 SCRIPT       : [DefineTest] EXPANSIONMODBOOK is defined
 SCRIPT       : [DefineTest] EXPANSIONMODCHAT is defined
 SCRIPT       : [DefineTest] EXPANSIONMODCORE is defined
 SCRIPT       : [DefineTest] EXPANSIONMODGARAGE is defined
 SCRIPT       : [DefineTest] EXPANSIONMODGROUPS is defined
 SCRIPT       : [DefineTest] EXPANSIONMODHARDLINE is defined
 SCRIPT       : [DefineTest] EXPANSIONMODKILLFEED is defined
 SCRIPT       : [DefineTest] EXPANSIONMODMAPASSETS is defined
 SCRIPT       : [DefineTest] EXPANSIONMODMARKET is defined
 SCRIPT       : [DefineTest] EXPANSIONMODMISSIONS is defined
 SCRIPT       : [DefineTest] EXPANSIONMODNAMETAGS is defined
 SCRIPT       : [DefineTest] EXPANSIONMODNAVIGATION is defined
 SCRIPT       : [DefineTest] EXPANSIONMODP2PMARKET is defined
 SCRIPT       : [DefineTest] EXPANSIONMODPERSONALSTORAGE is defined
 SCRIPT       : [DefineTest] EXPANSIONMODQUESTS is defined
 SCRIPT       : [DefineTest] EXPANSIONMODSPAWNSELECTION is defined
 SCRIPT       : [DefineTest] EXPANSIONMODVEHICLE is defined
 SCRIPT       : [DefineTest] EXPANSIONMODWEAPONS is defined
 SCRIPT       : [DefineTest] CfgMods:
 SCRIPT       : defaultAction
 SCRIPT       : DayZ
 SCRIPT       : BF_Define
 SCRIPT       : DayzDogDefines
 SCRIPT       : DZ_Expansion_AI_Preload
 SCRIPT       : DZ_Expansion_BaseBuilding_Preload
 SCRIPT       : DZ_Expansion_Book_Preload
 SCRIPT       : DZ_Expansion_Chat_Preload
 SCRIPT       : DZ_Expansion_Core_Preload
 SCRIPT       : DZ_Expansion_Garage_Preload
 SCRIPT       : DZ_Expansion_Groups_Preload
 SCRIPT       : DZ_Expansion_Hardline_Preload
 SCRIPT       : DZ_Expansion_KillFeed_Preload
 SCRIPT       : DZ_Expansion_MapAssets_Preload
 SCRIPT       : DZ_Expansion_Market_Preload
 SCRIPT       : DZ_Expansion_Missions_Preload
 SCRIPT       : DZ_Expansion_ModStorage_Preload
 SCRIPT       : DZ_Expansion_NameTags_Preload
 SCRIPT       : DZ_Expansion_Navigation_Preload
 SCRIPT       : DZ_Expansion_P2PMarket_Preload
 SCRIPT       : DZ_Expansion_PersonalStorage_Preload
 SCRIPT       : DZ_Expansion_Preload
 SCRIPT       : DZ_Expansion_Quests_Preload
 SCRIPT       : DZ_Expansion_SpawnSelection_Preload
 SCRIPT       : DZ_Expansion_Vehicles_Preload
 SCRIPT       : DZ_Expansion_Weapons_Preload
 SCRIPT       : 0_RFFSHeli_Define_mod
 SCRIPT       : BBP_keybind
 SCRIPT       : BuilderItems_Scripts
 SCRIPT       : DabsFramework
 SCRIPT       : DZ_Expansion_DefineTest
 SCRIPT       : DZ_Expansion_MapAssets
 SCRIPT       : sakhal
 SCRIPT       : EarPlugs
 SCRIPT       : EditorLoader
 SCRIPT       : JM_CommunityFramework
 SCRIPT       : JM_CommunityOnlineTools
 SCRIPT       : PvZmoD_CustomisableZombies
 SCRIPT       : BoostZombiesVisionAddon
 SCRIPT       : PercentageHud
 SCRIPT       : RealisticSuppressors
 SCRIPT       : RFFSHeli_katran_mod
 SCRIPT       : RFFSHeli_misc_mod
 SCRIPT       : RFFSHeli_Osprey_mod
 SCRIPT       : RFFSHeli_Uniform_Mod
 SCRIPT       : S31_DynamicHorde
 SCRIPT       : Trader
 SCRIPT       : UndergroundBases
 SCRIPT       : UnlimitedALe
 SCRIPT       : VanillaPPMap
 SCRIPT       : VPPMapGPS
 SCRIPT       : DZ_Expansion_ModStorage
 SCRIPT       : RFFSHeli_Core
 SCRIPT       : RFFSHeli_EC135_Heli
 SCRIPT       : RFFSHeli_EC135_BlackCamo_Heli
 SCRIPT       : RFFSHeli_Ka26_Heli
 SCRIPT       : RFFSHeli_LittleBird_Heli
 SCRIPT       : RFFSHeli_LittleBird_Camo_mod
 SCRIPT       : RFFSHeli_LittleBird_Desert_mod
 SCRIPT       : RFFSHeli_Mi2_Heli
 SCRIPT       : RFFSHeli_Mi2_Hornet_Heli
 SCRIPT       : RFFSHeli_Mi2_Military_Heli
 SCRIPT       : RFFSHeli_R22_Heli
 SCRIPT       : RFFSHeli_R22_Black_Heli
 SCRIPT       : RFFSHeli_R22_Red_Heli
 SCRIPT       : RFFSHeli_S76_Heli
 SCRIPT       : RFFSHeli_S76_WoodlandCamo_Heli
 SCRIPT       : RFFSHeli_UH1H_Heli
 SCRIPT       : RFFSHeli_UH1H_Combat_Heli
 SCRIPT       : BuildingFortifications
 SCRIPT       : Dayz_Dog
 SCRIPT       : DZ_Expansion_Core
 SCRIPT       : DZ_Expansion_Garage
 SCRIPT       : DZ_Expansion_Groups
 SCRIPT       : DZ_Expansion_Market
 SCRIPT       : DZ_Expansion_Missions
 SCRIPT       : DZ_Expansion_NameTags
 SCRIPT       : DZ_Expansion_Navigation
 SCRIPT       : DZ_Expansion_NotificationScheduler
 SCRIPT       : DZ_Expansion_P2PMarket
 SCRIPT       : DZ_Expansion_PersonalStorage
 SCRIPT       : DZ_Expansion_PersonalStorageNew
 SCRIPT       : DZ_Expansion_PlayerList
 SCRIPT       : DZ_Expansion
 SCRIPT       : DZ_Expansion_SpawnSelection
 SCRIPT       : DZ_Expansion_VanillaFixes
 SCRIPT       : DZ_Expansion_Vehicles
 SCRIPT       : DZ_Expansion_Weapons
 SCRIPT       : RFFSHeli_Apache_Heli
 SCRIPT       : RFFSHeli_Apache_Desert_Heli
 SCRIPT       : RFFSHeli_Apache_Winter_Heli
 SCRIPT       : RFFSHeli_AS350_Heli
 SCRIPT       : RFFSHeli_Bell429_Heli
 SCRIPT       : RFFSHeli_Bell429_Medic_Heli
 SCRIPT       : RFFSHeli_Bell429_Police
 SCRIPT       : RFFSHeli_Bell429_Uganda
 SCRIPT       : RFFSHeli_Bell429_ZS_Heli
 SCRIPT       : RFFSHeli_Blackhawk_Heli
 SCRIPT       : RFFSHeli_Blackhawk_blackblackhawk_Heli
 SCRIPT       : RFFSHeli_Blackhawk_Budhawk_Heli
 SCRIPT       : RFFSHeli_Blackhawk_woodland_Heli
 SCRIPT       : RFFSHeli_Bo105m_Heli
 SCRIPT       : RFFSHeli_Bo105m_blackcamo_Heli
 SCRIPT       : RFFSHeli_CH47_mod
 SCRIPT       : RFFSHeli_CH53e_mod
 SCRIPT       : BaseBuildingPlus
 SCRIPT       : DZ_Expansion_AI
 SCRIPT       : DZ_Expansion_BaseBuilding
 SCRIPT       : DZ_Expansion_Book
 SCRIPT       : DZ_Expansion_Chat
 SCRIPT       : DZ_Expansion_Hardline
 SCRIPT       : DZ_Expansion_Quests
 SCRIPT       : DZ_Expansion_VirtualContainerStorage
 SCRIPT       : ***************** Created a new RFFS Logging instance
 SCRIPT       : [BBP] 'BBP_Settings' does not exist, creating...
 SCRIPT       : [BBP] '$profile:\BaseBuildingPlus' does not exist, creating...
 SCRIPT       : [BBP] 'BBP_Settings' found, loading...
 SCRIPT       : [S31 DynamicHordes] No Settings.json found. Writing defaults to $profile:S31_DynamicHorde/Settings.json
 SCRIPT       : [S31 DynamicHordes] No map profile found for 'chernarusplus'. Writing defaults to $profile:S31_DynamicHorde/Maps/chernarusplus.json
 SCRIPT       : [UndergroundBase] OnInit
 SCRIPT       : [UndergroundBase] Config Init
 SCRIPT       : [UndergroundBase] '$profile:\UndergroundBases' does not exist, creating...
 SCRIPT       : [BuildingFortificationsConfig] Create Building Fortifications configuration instance..
 SCRIPT       : [BuildingFortificationsConfig] Building Fortifications configuration file not found! Create file..
 SCRIPT       : [BuildingFortificationsConfig] Set defaults in Building Fortifications configuration file..
SCRIPT       : ExpansionMarketItem marketItem = ExpansionMarketItem<0x000000009EC23C00>
SCRIPT       : int worth =   1
SCRIPT       : Module: $profile:ExpansionMod\AI\FSM\Master.c; loaded 1x files; 153x classes; used 114/262 kB (43%) of static memory; defines: "DAYZ_1_29,SERVER_FOR_WINDOWS,SERVER,PLATFORM_LINUX,RELEASE,NO_GUI,NO_GUI_INGAME,BF_Define,DayzDogDefines,DZ_Expa
SCRIPT       : 18:05:33.127 [EXPANSION DEBUG]: ExpansionP2PTraderAIIrena<0x00000000AEE8C840> ExpansionP2PTrad::SetP2PTraderID - ID: 1
SCRIPT       : ExpansionZonePolygon<0x00000000AF0205E0> position=<12015.854492, 0.000000, 12591.097656> radius=419.633
SCRIPT       : ExpansionZoneCircle<0x00000000AF2C8F70> position=<1143.140015, 0.000000, 2423.270020> radius=700
SCRIPT       : ExpansionZoneCircle<0x00000000AF2C8B90> position=<3728.270020, 0.000000, 6003.600098> radius=500
SCRIPT       : Found 3 zones!
SCRIPT       : 18:05:33.286 [EXPANSION DEBUG]: ExpansionQuestNPCAIDenis<0x00000000AF3E2750> ExpansionQuestNPC::OnEnterSafeZone
SCRIPT       : bool m_Expansion_LeavingSafeZone = 0
SCRIPT       : bool m_Expansion_IsInSafeZone = 0
SCRIPT       : bool m_Expansion_IsInSafeZoneSynchRemote = 0
SCRIPT       : 18:05:33.286 [EXPANSION DEBUG]: ExpansionP2PTraderAIIrena<0x00000000AEE8C840> ExpansionP2PTrad::OnEnterSafeZone
SCRIPT       : bool m_Expansion_LeavingSafeZone = 0
SCRIPT       : bool m_Expansion_IsInSafeZone = 0
SCRIPT       : bool m_Expansion_IsInSafeZoneSynchRemote = 0
SCRIPT       : [S31 DynamicHordes] Init on 'ChernarusPlus'. tick=5s hordes=2 size=12-24 waypoints=21
 SCRIPT       : Clear up static fireplaces: 0
 SCRIPT       : 18:07:17.616 [EXPANSION DEBUG]: Clearing cached categories 67
 SCRIPT       : 18:07:17.619 [EXPANSION DEBUG]: Clearing cached traders 17
 SCRIPT       : int m_AIUpdates_Current = 0
 SCRIPT       : float aiUpdatesMin = 3.40282e+38
 SCRIPT       : float aiUpdatesMax = -3.40282e+38
 SCRIPT       : float aiUpdatesAvg = 0
 SCRIPT       : float m_AIUpdates_DTCurrent = 0
 SCRIPT       : float aiUpdatesDTMin = 3.40282e+38
 SCRIPT       : float aiUpdatesDTMax = -3.40282e+38
 SCRIPT       : float aiUpdatesDTAvg = 0
 SCRIPT       : PluginTraderServerLog<0x000000009F704110> Closed
 SCRIPT       : PluginTraderTradesLog<0x000000009F211AA0> Closed
 SCRIPT       : [DayZ Expansion] ~DayZGame
 SCRIPT       : 18:07:17 [EXPANSION DEBUG]: ExpansionQuestConfig<0x00000000A2EA3200>~ExpansionQuestConfig
 SCRIPT       : 18:07:17 [EXPANSION DEBUG]: ExpansionQuestConfig<0x00000000A2EB3F40>~ExpansionQuestConfig
 SCRIPT       : 18:07:17 [EXPANSION DEBUG]: ExpansionQuestConfig<0x00000000A2EB36F0>~ExpansionQuestConfig
 SCRIPT       : 18:07:17 [EXPANSION DEBUG]: ExpansionQuestConfig<0x00000000A2EB53A0>~ExpansionQuestConfig
 SCRIPT       : 18:07:17 [EXPANSION DEBUG]: ExpansionQuestConfig<0x00000000A2EB5950>~ExpansionQuestConfig
 SCRIPT       : 18:07:17 [EXPANSION DEBUG]: ExpansionQuestConfig<0x00000000A2EB5F50>~ExpansionQuestConfig
 SCRIPT       : 18:07:17 [EXPANSION DEBUG]: ExpansionQuestConfig<0x00000000A2EB6580>~ExpansionQuestConfig
 SCRIPT       : 18:07:17 [EXPANSION DEBUG]: ExpansionQuestConfig<0x00000000A2EB6C60>~ExpansionQuestConfig
 SCRIPT       : 18:07:17 [EXPANSION DEBUG]: ExpansionQuestConfig<0x00000000A2EB7260>~ExpansionQuestConfig
 SCRIPT       : 18:07:17 [EXPANSION DEBUG]: ExpansionQuestConfig<0x00000000A2EB78D0>~ExpansionQuestConfig
 SCRIPT       : 18:07:17 [EXPANSION DEBUG]: ExpansionQuestConfig<0x00000000A2EB8120>~ExpansionQuestConfig
 SCRIPT       : 18:07:17 [EXPANSION DEBUG]: ExpansionQuestConfig<0x00000000A2EB8670>~ExpansionQuestConfig
 SCRIPT       : 18:07:17 [EXPANSION DEBUG]: ExpansionQuestConfig<0x00000000A2EB8C10>~ExpansionQuestConfig
 SCRIPT       : 18:07:17 [EXPANSION DEBUG]: ExpansionQuestConfig<0x00000000A2EB9300>~ExpansionQuestConfig
 SCRIPT       : 18:07:17 [EXPANSION DEBUG]: ExpansionQuestConfig<0x00000000A2EB9720>~ExpansionQuestConfig
 SCRIPT       : 18:07:17 [EXPANSION DEBUG]: ExpansionQuestConfig<0x00000000A2EB9DC0>~ExpansionQuestConfig
 SCRIPT       : 18:07:17 [EXPANSION DEBUG]: ExpansionQuestConfig<0x00000000A0512640>~ExpansionQuestConfig
 SCRIPT       : 18:07:17 [EXPANSION DEBUG]: ExpansionQuestConfig<0x00000000A0513150>~ExpansionQuestConfig
 SCRIPT       : 18:07:17 [EXPANSION DEBUG]: ExpansionQuestConfig<0x00000000A0513850>~ExpansionQuestConfig
 SCRIPT       : 18:07:17 [EXPANSION DEBUG]: ExpansionQuestConfig<0x00000000A0513F50>~ExpansionQuestConfig
 SCRIPT       : 18:07:17 [EXPANSION DEBUG]: ExpansionQuestConfig<0x00000000A05144F0>~ExpansionQuestConfig
 SCRIPT       : 18:07:17 [EXPANSION DEBUG]: ExpansionQuestConfig<0x00000000A0514B00>~ExpansionQuestConfig
 SCRIPT       : 18:07:17 [EXPANSION DEBUG]: ExpansionQuestConfig<0x00000000A0514F90>~ExpansionQuestConfig
 SCRIPT       : 18:07:17 [EXPANSION DEBUG]: ExpansionQuestConfig<0x00000000A0515420>~ExpansionQuestConfig
 SCRIPT       : ~DayZGame()
