ExpansionTraderMirek.WEAPONS|4941.458008 9.529669 2450.099854|135.000000 0.000000 -0.000000|HunterPants_Spring,HuntingJacket_Summer,Balaclava3Holes_Black,CowboyHat_black,CombatBoots_Green,MilitaryBelt,HuntingBag,Armband_Black
ExpansionTraderBoris.ATTACHMENTS|4942.961426 9.529488 2451.307617|144.000000 0.000000 -0.000000|CargoPants_Green,M65Jacket_Khaki,UKAssVest_Black,WorkingGloves_Black,AviatorGlasses,PilotkaCap,TTSKOBoots,AssaultBag_Black
ExpansionTraderCyril.COMPONENTS|4935.590332 9.530700 2446.116455|135.000000 0.000000 -0.000000|ParamedicJacket_Blue,ParamedicPants_Blue,PoliceVest,NioshFaceMask,NBCGlovesGray,FlatCap_Blue,HikingBootsLow_Blue,MountainBag_Blue
ExpansionTraderKaito.MEDICALS|4930.522461 9.537189 2439.020020|72.000008 0.000000 -0.000000|MilitaryBoots_Black,ParamedicPants_Crimson,SurgicalMask,SurgicalGloves_Green,ParamedicJacket_Crimson,ParamedicPants_Blue,MountainBag_Red
ExpansionTraderManua.CONSUMABLES|4931.195801 9.526999 2432.850342|49.663799 0.000000 -0.000000|CargoPants_Black,Shirt_BlueCheckBright,SurgicalGloves_Blue,BaseballCap_Blue,AthleticShoes_Blue,CivilianBelt,DryBag_Blue
ExpansionTraderGabi.CLOTHING|4950.510742 9.521820 2424.389893|-42.711910 0.000000 -0.000000|SurgicalMask,FlatCap_BlackCheck,DressShoes_Brown,CivilianBelt,SlacksPants_Blue,ManSuit_Blue
ExpansionTraderMaria.CLOTHING_ACCESSORIES|4951.653320 9.531638 2425.510498|-46.376804 0.000000 -0.000000|QuiltedJacket_Violet,Breeches_Beetcheck,SurgicalGloves_White,ThinFramesGlasses,BaseballCap_Pink,JoggingShoes_Violet,TaloonBag_Violet,Armband_Pink
ExpansionTraderBaty.BUILDINGSUPPLIES|4963.874512 9.527359 2433.430420|-36.000004 0.000000 -0.000000|BallisticHelmet_Black,GorkaEJacket_Flat,GorkaPants_Flat,HikingBoots_Black,TacticalGloves_Black
ExpansionTraderRolf.SPECIAL|4945.097656 9.513320 2417.259521|-38.665970 0.000000 -0.000000|SurgicalMask,MilitaryBoots_Redpunk,SportGlasses_Orange,UKAssVest_Black,BomberJacket_Maroon,CargoPants_Black,RadarCap_Red
ExpansionTraderOliver.SPRAYCANS|4946.528809 9.549026 2453.667480|178.139053 0.000000 -0.000000|TrackSuitPants_Red,TrackSuitJacket_Red,MilitaryBoots_Redpunk,BeanieHat_Red,NioshFaceMask,ChildBag_Red
ExpansionTraderIndar.VEHICLES|4950.015625 9.552532 2459.451172|133.492554 0.000000 -0.000000|SurgicalMask,WorkingBoots_Brown,BaseballCap_Beige,ReflexVest,QuiltedJacket_Grey,CargoPants_Grey
ExpansionTraderPeter.VEHICLE_PARTS|4955.499512 9.541923 2435.368164|-8.999999 0.000000 -0.000000|GorkaHelmetComplete,GorkaEJacket_Flat,GorkaPants_Flat,HikingBoots_Black
